[sshd  pid: 686] : Server listening on 0.0.0.0 port 22.
[sshd  pid: 686] : Server listening on 0.0.0.0 port 22.
[sshd  pid: 686] : Server listening on :: port 22.
[sshd  pid: 686] : Server listening on :: port 22.
[systemd-logind  pid: 518] : New seat seat0.
[systemd-logind  pid: 518] : New seat seat0.
[systemd-logind  pid: 518] : Watching system buttons on /dev/input/event0 (Power Button)
[systemd-logind  pid: 518] : Watching system buttons on /dev/input/event0 (Power Button)
[systemd-logind  pid: 518] : Watching system buttons on /dev/input/event1 (Sleep Button)
[systemd-logind  pid: 518] : Watching system buttons on /dev/input/event1 (Sleep Button)
[systemd-logind  pid: 518] : Watching system buttons on /dev/input/event3 (Video Bus)
[systemd-logind  pid: 518] : Watching system buttons on /dev/input/event3 (Video Bus)
[NetworkManager  pid: 572] : <info>  [1466518545.4596] NetworkManager (version 1.2.0) is starting...
[NetworkManager  pid: 572] : <info>  [1466518545.4596] NetworkManager (version 1.2.0) is starting...
[NetworkManager  pid: 572] : <info>  [1466518545.4599] Read config: /etc/NetworkManager/NetworkManager.conf
[NetworkManager  pid: 572] : <info>  [1466518545.4599] Read config: /etc/NetworkManager/NetworkManager.conf
[NetworkManager  pid: 572] : <info>  [1466518545.4648] manager[0x1d901a0]: monitoring kernel firmware directory '/lib/firmware'.
[NetworkManager  pid: 572] : <info>  [1466518545.4648] manager[0x1d901a0]: monitoring kernel firmware directory '/lib/firmware'.
[NetworkManager  pid: 572] : <info>  [1466518545.4663] monitoring ifupdown state file '/run/network/ifstate'.
[NetworkManager  pid: 572] : <info>  [1466518545.4663] monitoring ifupdown state file '/run/network/ifstate'.
[NetworkManager  pid: 572] : <info>  [1466518545.4706] dns-mgr[0x1da38c0]: set resolv-conf-mode: dnsmasq  plugin="dnsmasq"
[NetworkManager  pid: 572] : <info>  [1466518545.4706] dns-mgr[0x1da38c0]: set resolv-conf-mode: dnsmasq  plugin="dnsmasq"
[NetworkManager  pid: 572] : <info>  [1466518545.4708] dns-mgr[0x1da38c0]: using resolv.conf manager 'resolvconf'
[NetworkManager  pid: 572] : <info>  [1466518545.4708] dns-mgr[0x1da38c0]: using resolv.conf manager 'resolvconf'
[NetworkManager  pid: 572] : <info>  [1466518545.5944] init!
[NetworkManager  pid: 572] : <info>  [1466518545.5944] init!
[NetworkManager  pid: 572] : <info>  [1466518545.5946] management mode: unmanaged
[NetworkManager  pid: 572] : <info>  [1466518545.5946] management mode: unmanaged
[NetworkManager  pid: 572] : <info>  [1466518545.5948] device added (path: /sys/devices/pci0000:00/0000:00:03.0/net/enp0s3  iface: enp0s3): no ifupdown configuration found.
[NetworkManager  pid: 572] : <info>  [1466518545.5948] device added (path: /sys/devices/pci0000:00/0000:00:03.0/net/enp0s3  iface: enp0s3): no ifupdown configuration found.
[NetworkManager  pid: 572] : <info>  [1466518545.5948] device added (path: /sys/devices/virtual/net/lo  iface: lo): no ifupdown configuration found.
[NetworkManager  pid: 572] : <info>  [1466518545.5948] device added (path: /sys/devices/virtual/net/lo  iface: lo): no ifupdown configuration found.
[NetworkManager  pid: 572] : <info>  [1466518545.5948] devices added (path: /sys/devices/pci0000:00/0000:00:03.0/net/enp0s3  iface: enp0s3)
[NetworkManager  pid: 572] : <info>  [1466518545.5948] devices added (path: /sys/devices/pci0000:00/0000:00:03.0/net/enp0s3  iface: enp0s3)
[NetworkManager  pid: 572] : <info>  [1466518545.5948] devices added (path: /sys/devices/virtual/net/lo  iface: lo)
[NetworkManager  pid: 572] : <info>  [1466518545.5948] devices added (path: /sys/devices/virtual/net/lo  iface: lo)
[NetworkManager  pid: 572] : <info>  [1466518545.5948] end _init.
[NetworkManager  pid: 572] : <info>  [1466518545.5948] end _init.
[NetworkManager  pid: 572] : <info>  [1466518545.5948] settings: loaded plugin ifupdown: (C) 2008 Canonical Ltd.  To report bugs please use the NetworkManager mailing list. (/usr/lib/x86_64-linux-gnu/NetworkManager/libnm-settings-plugin-ifupdown.so)
[NetworkManager  pid: 572] : <info>  [1466518545.5948] settings: loaded plugin ifupdown: (C) 2008 Canonical Ltd.  To report bugs please use the NetworkManager mailing list. (/usr/lib/x86_64-linux-gnu/NetworkManager/libnm-settings-plugin-ifupdown.so)
[NetworkManager  pid: 572] : <info>  [1466518545.5948] settings: loaded plugin keyfile: (c) 2007 - 2015 Red Hat  Inc.  To report bugs please use the NetworkManager mailing list.
[NetworkManager  pid: 572] : <info>  [1466518545.5948] settings: loaded plugin keyfile: (c) 2007 - 2015 Red Hat  Inc.  To report bugs please use the NetworkManager mailing list.
[NetworkManager  pid: 572] : <info>  [1466518545.5965] (31076640) ... get_connections (managed=false): return empty list.
[NetworkManager  pid: 572] : <info>  [1466518545.5965] (31076640) ... get_connections (managed=false): return empty list.
[NetworkManager  pid: 572] : <info>  [1466518545.5965] (31076640) ... get_connections.
[NetworkManager  pid: 572] : <info>  [1466518545.5965] (31076640) ... get_connections.
[NetworkManager  pid: 572] : <info>  [1466518545.5965] SettingsPlugin-Ofono: end _init.
[NetworkManager  pid: 572] : <info>  [1466518545.5965] SettingsPlugin-Ofono: end _init.
[NetworkManager  pid: 572] : <info>  [1466518545.5965] SettingsPlugin-Ofono: init!
[NetworkManager  pid: 572] : <info>  [1466518545.5965] SettingsPlugin-Ofono: init!
[NetworkManager  pid: 572] : <info>  [1466518545.5965] settings: loaded plugin ofono: (C) 2013-2016 Canonical Ltd.  To report bugs please use the NetworkManager mailing list. (/usr/lib/x86_64-linux-gnu/NetworkManager/libnm-settings-plugin-ofono.so)
[NetworkManager  pid: 572] : <info>  [1466518545.5965] settings: loaded plugin ofono: (C) 2013-2016 Canonical Ltd.  To report bugs please use the NetworkManager mailing list. (/usr/lib/x86_64-linux-gnu/NetworkManager/libnm-settings-plugin-ofono.so)
[NetworkManager  pid: 572] : <info>  [1466518545.6479] keyfile: new connection /etc/NetworkManager/system-connections/Wired connection 1 (eec65aa0-35c6-4836-9b4b-7d75ed2f5fb1 "Wired connection 1")
[NetworkManager  pid: 572] : <info>  [1466518545.6479] keyfile: new connection /etc/NetworkManager/system-connections/Wired connection 1 (eec65aa0-35c6-4836-9b4b-7d75ed2f5fb1 "Wired connection 1")
[NetworkManager  pid: 572] : <info>  [1466518545.6489] SettingsPlugin-Ofono: (31076800) ... get_connections.
[NetworkManager  pid: 572] : <info>  [1466518545.6489] SettingsPlugin-Ofono: (31076800) ... get_connections.
[NetworkManager  pid: 572] : <info>  [1466518545.6490] SettingsPlugin-Ofono: (31076800) connections count: 0
[NetworkManager  pid: 572] : <info>  [1466518545.6490] SettingsPlugin-Ofono: (31076800) connections count: 0
[NetworkManager  pid: 572] : <info>  [1466518545.6491] get unmanaged devices count: 0
[NetworkManager  pid: 572] : <info>  [1466518545.6491] get unmanaged devices count: 0
[NetworkManager  pid: 572] : <info>  [1466518545.7090] settings: hostname: using hostnamed
[NetworkManager  pid: 572] : <info>  [1466518545.7090] settings: hostname: using hostnamed
[NetworkManager  pid: 572] : <info>  [1466518545.7091] settings: hostname changed from (none) to "ubuntu"
[NetworkManager  pid: 572] : <info>  [1466518545.7091] settings: hostname changed from (none) to "ubuntu"
[NetworkManager  pid: 572] : <info>  [1466518545.7092] Using DHCP client 'dhclient'
[NetworkManager  pid: 572] : <info>  [1466518545.7092] Using DHCP client 'dhclient'
[NetworkManager  pid: 572] : <info>  [1466518545.7093] Loaded device plugin: NMVlanFactory (internal)
[NetworkManager  pid: 572] : <info>  [1466518545.7093] Loaded device plugin: NMVlanFactory (internal)
[NetworkManager  pid: 572] : <info>  [1466518545.7093] Loaded device plugin: NMVxlanFactory (internal)
[NetworkManager  pid: 572] : <info>  [1466518545.7093] Loaded device plugin: NMVxlanFactory (internal)
[NetworkManager  pid: 572] : <info>  [1466518545.7093] manager: Networking is enabled by state file
[NetworkManager  pid: 572] : <info>  [1466518545.7093] manager: Networking is enabled by state file
[NetworkManager  pid: 572] : <info>  [1466518545.7093] manager: WWAN enabled by radio killswitch; enabled by state file
[NetworkManager  pid: 572] : <info>  [1466518545.7093] manager: WWAN enabled by radio killswitch; enabled by state file
[NetworkManager  pid: 572] : <info>  [1466518545.7093] manager: WiFi enabled by radio killswitch; enabled by state file
[NetworkManager  pid: 572] : <info>  [1466518545.7093] manager: WiFi enabled by radio killswitch; enabled by state file
[NetworkManager  pid: 572] : <info>  [1466518545.7094] Loaded device plugin: NMBondFactory (internal)
[NetworkManager  pid: 572] : <info>  [1466518545.7094] Loaded device plugin: NMBondFactory (internal)
[NetworkManager  pid: 572] : <info>  [1466518545.7094] Loaded device plugin: NMBridgeFactory (internal)
[NetworkManager  pid: 572] : <info>  [1466518545.7094] Loaded device plugin: NMBridgeFactory (internal)
[NetworkManager  pid: 572] : <info>  [1466518545.7094] Loaded device plugin: NMEthernetFactory (internal)
[NetworkManager  pid: 572] : <info>  [1466518545.7094] Loaded device plugin: NMEthernetFactory (internal)
[NetworkManager  pid: 572] : <info>  [1466518545.7094] Loaded device plugin: NMIPTunnelFactory (internal)
[NetworkManager  pid: 572] : <info>  [1466518545.7094] Loaded device plugin: NMIPTunnelFactory (internal)
[NetworkManager  pid: 572] : <info>  [1466518545.7094] Loaded device plugin: NMInfinibandFactory (internal)
[NetworkManager  pid: 572] : <info>  [1466518545.7094] Loaded device plugin: NMInfinibandFactory (internal)
[NetworkManager  pid: 572] : <info>  [1466518545.7094] Loaded device plugin: NMMacvlanFactory (internal)
[NetworkManager  pid: 572] : <info>  [1466518545.7094] Loaded device plugin: NMMacvlanFactory (internal)
[NetworkManager  pid: 572] : <info>  [1466518545.7094] Loaded device plugin: NMTunFactory (internal)
[NetworkManager  pid: 572] : <info>  [1466518545.7094] Loaded device plugin: NMTunFactory (internal)
[NetworkManager  pid: 572] : <info>  [1466518545.7094] Loaded device plugin: NMVethFactory (internal)
[NetworkManager  pid: 572] : <info>  [1466518545.7094] Loaded device plugin: NMVethFactory (internal)
[NetworkManager  pid: 572] : <info>  [1466518545.7150] Loaded device plugin: NMAtmManager (/usr/lib/x86_64-linux-gnu/NetworkManager/libnm-device-plugin-adsl.so)
[NetworkManager  pid: 572] : <info>  [1466518545.7150] Loaded device plugin: NMAtmManager (/usr/lib/x86_64-linux-gnu/NetworkManager/libnm-device-plugin-adsl.so)
[NetworkManager  pid: 572] : <info>  [1466518545.7176] Loaded device plugin: NMWifiFactory (/usr/lib/x86_64-linux-gnu/NetworkManager/libnm-device-plugin-wifi.so)
[NetworkManager  pid: 572] : <info>  [1466518545.7176] Loaded device plugin: NMWifiFactory (/usr/lib/x86_64-linux-gnu/NetworkManager/libnm-device-plugin-wifi.so)
[NetworkManager  pid: 572] : <info>  [1466518545.7223] Loaded device plugin: NMWwanFactory (/usr/lib/x86_64-linux-gnu/NetworkManager/libnm-device-plugin-wwan.so)
[NetworkManager  pid: 572] : <info>  [1466518545.7223] Loaded device plugin: NMWwanFactory (/usr/lib/x86_64-linux-gnu/NetworkManager/libnm-device-plugin-wwan.so)
[NetworkManager  pid: 572] : <info>  [1466518545.7292] Loaded device plugin: NMBluezManager (/usr/lib/x86_64-linux-gnu/NetworkManager/libnm-device-plugin-bluetooth.so)
[NetworkManager  pid: 572] : <info>  [1466518545.7292] Loaded device plugin: NMBluezManager (/usr/lib/x86_64-linux-gnu/NetworkManager/libnm-device-plugin-bluetooth.so)
[NetworkManager  pid: 572] : <info>  [1466518545.7316] manager: (enp0s3): new Ethernet device (/org/freedesktop/NetworkManager/Devices/0)
[NetworkManager  pid: 572] : <info>  [1466518545.7316] manager: (enp0s3): new Ethernet device (/org/freedesktop/NetworkManager/Devices/0)
[NetworkManager  pid: 572] : <info>  [1466518545.7334] device (enp0s3): state change: unmanaged -> unavailable (reason 'managed') [10 20 2]
[NetworkManager  pid: 572] : <info>  [1466518545.7334] device (enp0s3): state change: unmanaged -> unavailable (reason 'managed') [10 20 2]
[NetworkManager  pid: 572] : <info>  [1466518545.7431] device (enp0s3): link connected
[NetworkManager  pid: 572] : <info>  [1466518545.7431] device (enp0s3): link connected
[NetworkManager  pid: 572] : <info>  [1466518545.7525] device (lo): link connected
[NetworkManager  pid: 572] : <info>  [1466518545.7525] device (lo): link connected
[NetworkManager  pid: 572] : <info>  [1466518545.7547] manager: (lo): new Generic device (/org/freedesktop/NetworkManager/Devices/1)
[NetworkManager  pid: 572] : <info>  [1466518545.7547] manager: (lo): new Generic device (/org/freedesktop/NetworkManager/Devices/1)
[NetworkManager  pid: 572] : <info>  [1466518545.7693] urfkill disappeared from the bus
[NetworkManager  pid: 572] : <info>  [1466518545.7693] urfkill disappeared from the bus
[NetworkManager  pid: 572] : <info>  [1466518545.7797] ModemManager available in the bus
[NetworkManager  pid: 572] : <info>  [1466518545.7797] ModemManager available in the bus
[NetworkManager  pid: 572] : <info>  [1466518545.7802] ofono is now available
[NetworkManager  pid: 572] : <info>  [1466518545.7802] ofono is now available
[NetworkManager  pid: 572] : <info>  [1466518545.7811] device (enp0s3): state change: unavailable -> disconnected (reason 'none') [20 30 0]
[NetworkManager  pid: 572] : <info>  [1466518545.7811] device (enp0s3): state change: unavailable -> disconnected (reason 'none') [20 30 0]
[NetworkManager  pid: 572] : <info>  [1466518545.7832] policy: auto-activating connection 'Wired connection 1'
[NetworkManager  pid: 572] : <info>  [1466518545.7832] policy: auto-activating connection 'Wired connection 1'
[NetworkManager  pid: 572] : <info>  [1466518545.7843] device (enp0s3): Activation: starting connection 'Wired connection 1' (eec65aa0-35c6-4836-9b4b-7d75ed2f5fb1)
[NetworkManager  pid: 572] : <info>  [1466518545.7843] device (enp0s3): Activation: starting connection 'Wired connection 1' (eec65aa0-35c6-4836-9b4b-7d75ed2f5fb1)
[NetworkManager  pid: 572] : <info>  [1466518545.7850] device (enp0s3): state change: disconnected -> prepare (reason 'none') [30 40 0]
[NetworkManager  pid: 572] : <info>  [1466518545.7850] device (enp0s3): state change: disconnected -> prepare (reason 'none') [30 40 0]
[NetworkManager  pid: 572] : <info>  [1466518545.7853] manager: NetworkManager state is now CONNECTING
[NetworkManager  pid: 572] : <info>  [1466518545.7853] manager: NetworkManager state is now CONNECTING
[NetworkManager  pid: 572] : <info>  [1466518545.7866] device (enp0s3): state change: prepare -> config (reason 'none') [40 50 0]
[NetworkManager  pid: 572] : <info>  [1466518545.7866] device (enp0s3): state change: prepare -> config (reason 'none') [40 50 0]
[NetworkManager  pid: 572] : <info>  [1466518545.7878] device (enp0s3): state change: config -> ip-config (reason 'none') [50 70 0]
[NetworkManager  pid: 572] : <info>  [1466518545.7878] device (enp0s3): state change: config -> ip-config (reason 'none') [50 70 0]
[NetworkManager  pid: 572] : <info>  [1466518545.7891] dhcp4 (enp0s3): activation: beginning transaction (timeout in 45 seconds)
[NetworkManager  pid: 572] : <info>  [1466518545.7891] dhcp4 (enp0s3): activation: beginning transaction (timeout in 45 seconds)
[NetworkManager  pid: 572] : <info>  [1466518545.7960] dhcp4 (enp0s3): dhclient started with pid 729
[NetworkManager  pid: 572] : <info>  [1466518545.7960] dhcp4 (enp0s3): dhclient started with pid 729
[NetworkManager  pid: 572] : <info>  [1466518545.8293]   address 10.0.2.15
[NetworkManager  pid: 572] : <info>  [1466518545.8293]   address 10.0.2.15
[NetworkManager  pid: 572] : <info>  [1466518545.8295]   plen 24 (255.255.255.0)
[NetworkManager  pid: 572] : <info>  [1466518545.8295]   plen 24 (255.255.255.0)
[NetworkManager  pid: 572] : <info>  [1466518545.8297]   gateway 10.0.2.2
[NetworkManager  pid: 572] : <info>  [1466518545.8297]   gateway 10.0.2.2
[NetworkManager  pid: 572] : <info>  [1466518545.8299]   server identifier 10.0.2.2
[NetworkManager  pid: 572] : <info>  [1466518545.8299]   server identifier 10.0.2.2
[NetworkManager  pid: 572] : <info>  [1466518545.8300]   lease time 86400
[NetworkManager  pid: 572] : <info>  [1466518545.8300]   lease time 86400
[NetworkManager  pid: 572] : <info>  [1466518545.8302]   nameserver '131.155.3.3'
[NetworkManager  pid: 572] : <info>  [1466518545.8302]   nameserver '131.155.3.3'
[NetworkManager  pid: 572] : <info>  [1466518545.8303]   nameserver '131.155.2.3'
[NetworkManager  pid: 572] : <info>  [1466518545.8303]   nameserver '131.155.2.3'
[NetworkManager  pid: 572] : <info>  [1466518545.8305] dhcp4 (enp0s3): state changed unknown -> bound
[NetworkManager  pid: 572] : <info>  [1466518545.8305] dhcp4 (enp0s3): state changed unknown -> bound
[NetworkManager  pid: 572] : <info>  [1466518545.8326] device (enp0s3): state change: ip-config -> ip-check (reason 'none') [70 80 0]
[NetworkManager  pid: 572] : <info>  [1466518545.8326] device (enp0s3): state change: ip-config -> ip-check (reason 'none') [70 80 0]
[NetworkManager  pid: 572] : <info>  [1466518545.8335] device (enp0s3): state change: ip-check -> secondaries (reason 'none') [80 90 0]
[NetworkManager  pid: 572] : <info>  [1466518545.8335] device (enp0s3): state change: ip-check -> secondaries (reason 'none') [80 90 0]
[NetworkManager  pid: 572] : <info>  [1466518545.8345] device (enp0s3): state change: secondaries -> activated (reason 'none') [90 100 0]
[NetworkManager  pid: 572] : <info>  [1466518545.8345] device (enp0s3): state change: secondaries -> activated (reason 'none') [90 100 0]
[NetworkManager  pid: 572] : <info>  [1466518545.8348] manager: NetworkManager state is now CONNECTED_LOCAL
[NetworkManager  pid: 572] : <info>  [1466518545.8348] manager: NetworkManager state is now CONNECTED_LOCAL
[NetworkManager  pid: 572] : <info>  [1466518545.8355] manager: NetworkManager state is now CONNECTED_GLOBAL
[NetworkManager  pid: 572] : <info>  [1466518545.8355] manager: NetworkManager state is now CONNECTED_GLOBAL
[NetworkManager  pid: 572] : <info>  [1466518545.8360] policy: set 'Wired connection 1' (enp0s3) as default for IPv4 routing and DNS
[NetworkManager  pid: 572] : <info>  [1466518545.8360] policy: set 'Wired connection 1' (enp0s3) as default for IPv4 routing and DNS
[NetworkManager  pid: 572] : <info>  [1466518545.8362] DNS: starting dnsmasq...
[NetworkManager  pid: 572] : <info>  [1466518545.8362] DNS: starting dnsmasq...
[NetworkManager  pid: 572] : <info>  [1466518545.8411] dns-mgr: Writing DNS information to /sbin/resolvconf
[NetworkManager  pid: 572] : <info>  [1466518545.8411] dns-mgr: Writing DNS information to /sbin/resolvconf
[NetworkManager  pid: 572] : <info>  [1466518545.9319] device (enp0s3): Activation: successful  device activated.
[NetworkManager  pid: 572] : <info>  [1466518545.9319] device (enp0s3): Activation: successful  device activated.
[NetworkManager  pid: 572] : <info>  [1466518545.9372] dnsmasq[0x1d9e0a0]: dnsmasq appeared as :1.14
[NetworkManager  pid: 572] : <info>  [1466518545.9372] dnsmasq[0x1d9e0a0]: dnsmasq appeared as :1.14
[NetworkManager  pid: 572] : <info>  [1466518545.9375] dns-mgr: Writing DNS information to /sbin/resolvconf
[NetworkManager  pid: 572] : <info>  [1466518545.9375] dns-mgr: Writing DNS information to /sbin/resolvconf
[NetworkManager  pid: 572] : <warn>  [1466518545.5965] SettingsPlugin-Ofono: file doesn't exist: /var/lib/ofono
[NetworkManager  pid: 572] : <warn>  [1466518545.5965] SettingsPlugin-Ofono: file doesn't exist: /var/lib/ofono
[NetworkManager  pid: 572] : <warn>  [1466518545.7807] failed to enumerate oFono devices: GDBus.Error:org.freedesktop.DBus.Error.ServiceUnknown: The name org.ofono was not provided by any .service files
[NetworkManager  pid: 572] : <warn>  [1466518545.7807] failed to enumerate oFono devices: GDBus.Error:org.freedesktop.DBus.Error.ServiceUnknown: The name org.ofono was not provided by any .service files
[NetworkManager  pid: 572] : <warn>  [1466518545.8404] dnsmasq[0x1d9e0a0]: dnsmasq not found on the bus. The nameserver update will be sent when dnsmasq appears
[NetworkManager  pid: 572] : <warn>  [1466518545.8404] dnsmasq[0x1d9e0a0]: dnsmasq not found on the bus. The nameserver update will be sent when dnsmasq appears
[NetworkManager  pid: 572] : nm_device_get_device_type: assertion 'NM_IS_DEVICE (self)' failed
[NetworkManager  pid: 572] : nm_device_get_device_type: assertion 'NM_IS_DEVICE (self)' failed
[kernel] : [    0.000000] 	Build-time adjustment of leaf fanout to 64.
[kernel] : [    0.000000] 	Build-time adjustment of leaf fanout to 64.
[kernel] : [    0.000000] 	RCU restricting CPUs from NR_CPUS=256 to nr_cpu_ids=1.
[kernel] : [    0.000000] 	RCU restricting CPUs from NR_CPUS=256 to nr_cpu_ids=1.
[kernel] : [    0.000000]   AMD AuthenticAMD
[kernel] : [    0.000000]   AMD AuthenticAMD
[kernel] : [    0.000000]   Centaur CentaurHauls
[kernel] : [    0.000000]   Centaur CentaurHauls
[kernel] : [    0.000000]   DMA      [mem 0x0000000000001000-0x0000000000ffffff]
[kernel] : [    0.000000]   DMA      [mem 0x0000000000001000-0x0000000000ffffff]
[kernel] : [    0.000000]   DMA zone: 21 pages reserved
[kernel] : [    0.000000]   DMA zone: 21 pages reserved
[kernel] : [    0.000000]   DMA zone: 3998 pages  LIFO batch:0
[kernel] : [    0.000000]   DMA zone: 3998 pages  LIFO batch:0
[kernel] : [    0.000000]   DMA zone: 64 pages used for memmap
[kernel] : [    0.000000]   DMA zone: 64 pages used for memmap
[kernel] : [    0.000000]   DMA32    [mem 0x0000000001000000-0x000000002ffeffff]
[kernel] : [    0.000000]   DMA32    [mem 0x0000000001000000-0x000000002ffeffff]
[kernel] : [    0.000000]   DMA32 zone: 192496 pages  LIFO batch:31
[kernel] : [    0.000000]   DMA32 zone: 192496 pages  LIFO batch:31
[kernel] : [    0.000000]   DMA32 zone: 3008 pages used for memmap
[kernel] : [    0.000000]   DMA32 zone: 3008 pages used for memmap
[kernel] : [    0.000000]   Device   empty
[kernel] : [    0.000000]   Device   empty
[kernel] : [    0.000000]   Intel GenuineIntel
[kernel] : [    0.000000]   Intel GenuineIntel
[kernel] : [    0.000000]   Normal   empty
[kernel] : [    0.000000]   Normal   empty
[kernel] : [    0.000000]   node   0: [mem 0x0000000000001000-0x000000000009efff]
[kernel] : [    0.000000]   node   0: [mem 0x0000000000001000-0x000000000009efff]
[kernel] : [    0.000000]   node   0: [mem 0x0000000000100000-0x000000002ffeffff]
[kernel] : [    0.000000]   node   0: [mem 0x0000000000100000-0x000000002ffeffff]
[kernel] : [    0.000000]  0000000000000086 e2ef254af3f64fb4 ffffffff81e03d80 ffffffff813eab23
[kernel] : [    0.000000]  0000000000000086 e2ef254af3f64fb4 ffffffff81e03d80 ffffffff813eab23
[kernel] : [    0.000000]  [<ffffffff8107ced0>] ? xfeature_size+0x59/0x77
[kernel] : [    0.000000]  [<ffffffff8107ced0>] ? xfeature_size+0x59/0x77
[kernel] : [    0.000000]  [<ffffffff810810d2>] warn_slowpath_common+0x82/0xc0
[kernel] : [    0.000000]  [<ffffffff810810d2>] warn_slowpath_common+0x82/0xc0
[kernel] : [    0.000000]  [<ffffffff8108116c>] warn_slowpath_fmt+0x5c/0x80
[kernel] : [    0.000000]  [<ffffffff8108116c>] warn_slowpath_fmt+0x5c/0x80
[kernel] : [    0.000000]  [<ffffffff813eab23>] dump_stack+0x63/0x90
[kernel] : [    0.000000]  [<ffffffff813eab23>] dump_stack+0x63/0x90
[kernel] : [    0.000000]  [<ffffffff81f59120>] ? early_idt_handler_array+0x120/0x120
[kernel] : [    0.000000]  [<ffffffff81f59120>] ? early_idt_handler_array+0x120/0x120
[kernel] : [    0.000000]  [<ffffffff81f59120>] ? early_idt_handler_array+0x120/0x120
[kernel] : [    0.000000]  [<ffffffff81f59120>] ? early_idt_handler_array+0x120/0x120
[kernel] : [    0.000000]  [<ffffffff81f59120>] ? early_idt_handler_array+0x120/0x120
[kernel] : [    0.000000]  [<ffffffff81f59120>] ? early_idt_handler_array+0x120/0x120
[kernel] : [    0.000000]  [<ffffffff81f59339>] x86_64_start_reservations+0x2a/0x2c
[kernel] : [    0.000000]  [<ffffffff81f59339>] x86_64_start_reservations+0x2a/0x2c
[kernel] : [    0.000000]  [<ffffffff81f59485>] x86_64_start_kernel+0x14a/0x16d
[kernel] : [    0.000000]  [<ffffffff81f59485>] x86_64_start_kernel+0x14a/0x16d
[kernel] : [    0.000000]  [<ffffffff81f59c74>] start_kernel+0xe4/0x4a2
[kernel] : [    0.000000]  [<ffffffff81f59c74>] start_kernel+0xe4/0x4a2
[kernel] : [    0.000000]  [<ffffffff81f65e73>] setup_arch+0xb4/0xd16
[kernel] : [    0.000000]  [<ffffffff81f65e73>] setup_arch+0xb4/0xd16
[kernel] : [    0.000000]  [<ffffffff81f6988f>] fpu__init_system+0x10d/0x245
[kernel] : [    0.000000]  [<ffffffff81f6988f>] fpu__init_system+0x10d/0x245
[kernel] : [    0.000000]  [<ffffffff81f69f24>] fpu__init_system_xstate+0x38b/0x75a
[kernel] : [    0.000000]  [<ffffffff81f69f24>] fpu__init_system_xstate+0x38b/0x75a
[kernel] : [    0.000000]  [<ffffffff81f6a998>] ? early_cpu_init+0x139/0x13e
[kernel] : [    0.000000]  [<ffffffff81f6a998>] ? early_cpu_init+0x139/0x13e
[kernel] : [    0.000000]  [<ffffffff81f6a998>] early_cpu_init+0x139/0x13e
[kernel] : [    0.000000]  [<ffffffff81f6a998>] early_cpu_init+0x139/0x13e
[kernel] : [    0.000000]  ffffffff81e03dc8 ffffffff81c9fe70 ffffffff81e03db8 ffffffff810810d2
[kernel] : [    0.000000]  ffffffff81e03dc8 ffffffff81c9fe70 ffffffff81e03db8 ffffffff810810d2
[kernel] : [    0.000000]  ffffffff81e03e48 ffffffff81e03e4c 0000000000000008 0000000000000100
[kernel] : [    0.000000]  ffffffff81e03e48 ffffffff81e03e4c 0000000000000008 0000000000000100
[kernel] : [    0.000000] ------------[ cut here ]------------
[kernel] : [    0.000000] ------------[ cut here ]------------
[kernel] : [    0.000000] ---[ end trace 4d5ff9f2f68c4233 ]---
[kernel] : [    0.000000] ---[ end trace 4d5ff9f2f68c4233 ]---
[kernel] : [    0.000000] ACPI: APIC 0x000000002FFF0240 000054 (v02 VBOX   VBOXAPIC 00000001 ASL  00000061)
[kernel] : [    0.000000] ACPI: APIC 0x000000002FFF0240 000054 (v02 VBOX   VBOXAPIC 00000001 ASL  00000061)
[kernel] : [    0.000000] ACPI: DSDT 0x000000002FFF0470 002106 (v01 VBOX   VBOXBIOS 00000002 INTL 20160108)
[kernel] : [    0.000000] ACPI: DSDT 0x000000002FFF0470 002106 (v01 VBOX   VBOXBIOS 00000002 INTL 20160108)
[kernel] : [    0.000000] ACPI: Early table checksum verification disabled
[kernel] : [    0.000000] ACPI: Early table checksum verification disabled
[kernel] : [    0.000000] ACPI: FACP 0x000000002FFF00F0 0000F4 (v04 VBOX   VBOXFACP 00000001 ASL  00000061)
[kernel] : [    0.000000] ACPI: FACP 0x000000002FFF00F0 0000F4 (v04 VBOX   VBOXFACP 00000001 ASL  00000061)
[kernel] : [    0.000000] ACPI: FACS 0x000000002FFF0200 000040
[kernel] : [    0.000000] ACPI: FACS 0x000000002FFF0200 000040
[kernel] : [    0.000000] ACPI: FACS 0x000000002FFF0200 000040
[kernel] : [    0.000000] ACPI: FACS 0x000000002FFF0200 000040
[kernel] : [    0.000000] ACPI: INT_SRC_OVR (bus 0 bus_irq 0 global_irq 2 dfl dfl)
[kernel] : [    0.000000] ACPI: INT_SRC_OVR (bus 0 bus_irq 0 global_irq 2 dfl dfl)
[kernel] : [    0.000000] ACPI: INT_SRC_OVR (bus 0 bus_irq 9 global_irq 9 high level)
[kernel] : [    0.000000] ACPI: INT_SRC_OVR (bus 0 bus_irq 9 global_irq 9 high level)
[kernel] : [    0.000000] ACPI: IRQ0 used by override.
[kernel] : [    0.000000] ACPI: IRQ0 used by override.
[kernel] : [    0.000000] ACPI: IRQ9 used by override.
[kernel] : [    0.000000] ACPI: IRQ9 used by override.
[kernel] : [    0.000000] ACPI: Local APIC address 0xfee00000
[kernel] : [    0.000000] ACPI: Local APIC address 0xfee00000
[kernel] : [    0.000000] ACPI: Local APIC address 0xfee00000
[kernel] : [    0.000000] ACPI: Local APIC address 0xfee00000
[kernel] : [    0.000000] ACPI: PM-Timer IO Port: 0x4008
[kernel] : [    0.000000] ACPI: PM-Timer IO Port: 0x4008
[kernel] : [    0.000000] ACPI: RSDP 0x00000000000E0000 000024 (v02 VBOX  )
[kernel] : [    0.000000] ACPI: RSDP 0x00000000000E0000 000024 (v02 VBOX  )
[kernel] : [    0.000000] ACPI: SSDT 0x000000002FFF02A0 0001CC (v01 VBOX   VBOXCPUT 00000002 INTL 20160108)
[kernel] : [    0.000000] ACPI: SSDT 0x000000002FFF02A0 0001CC (v01 VBOX   VBOXCPUT 00000002 INTL 20160108)
[kernel] : [    0.000000] ACPI: XSDT 0x000000002FFF0030 00003C (v01 VBOX   VBOXXSDT 00000001 ASL  00000061)
[kernel] : [    0.000000] ACPI: XSDT 0x000000002FFF0030 00003C (v01 VBOX   VBOXXSDT 00000001 ASL  00000061)
[kernel] : [    0.000000] BIOS-e820: [mem 0x0000000000000000-0x000000000009fbff] usable
[kernel] : [    0.000000] BIOS-e820: [mem 0x0000000000000000-0x000000000009fbff] usable
[kernel] : [    0.000000] BIOS-e820: [mem 0x000000000009fc00-0x000000000009ffff] reserved
[kernel] : [    0.000000] BIOS-e820: [mem 0x000000000009fc00-0x000000000009ffff] reserved
[kernel] : [    0.000000] BIOS-e820: [mem 0x00000000000f0000-0x00000000000fffff] reserved
[kernel] : [    0.000000] BIOS-e820: [mem 0x00000000000f0000-0x00000000000fffff] reserved
[kernel] : [    0.000000] BIOS-e820: [mem 0x0000000000100000-0x000000002ffeffff] usable
[kernel] : [    0.000000] BIOS-e820: [mem 0x0000000000100000-0x000000002ffeffff] usable
[kernel] : [    0.000000] BIOS-e820: [mem 0x000000002fff0000-0x000000002fffffff] ACPI data
[kernel] : [    0.000000] BIOS-e820: [mem 0x000000002fff0000-0x000000002fffffff] ACPI data
[kernel] : [    0.000000] BIOS-e820: [mem 0x00000000fffc0000-0x00000000ffffffff] reserved
[kernel] : [    0.000000] BIOS-e820: [mem 0x00000000fffc0000-0x00000000ffffffff] reserved
[kernel] : [    0.000000] BRK [0x021ff000  0x021fffff] PGTABLE
[kernel] : [    0.000000] BRK [0x021ff000  0x021fffff] PGTABLE
[kernel] : [    0.000000] BRK [0x02200000  0x02200fff] PGTABLE
[kernel] : [    0.000000] BRK [0x02200000  0x02200fff] PGTABLE
[kernel] : [    0.000000] BRK [0x02201000  0x02201fff] PGTABLE
[kernel] : [    0.000000] BRK [0x02201000  0x02201fff] PGTABLE
[kernel] : [    0.000000] BRK [0x02202000  0x02202fff] PGTABLE
[kernel] : [    0.000000] BRK [0x02202000  0x02202fff] PGTABLE
[kernel] : [    0.000000] Base memory trampoline at [ffff880000099000] 99000 size 24576
[kernel] : [    0.000000] Base memory trampoline at [ffff880000099000] 99000 size 24576
[kernel] : [    0.000000] Booting paravirtualized kernel on KVM
[kernel] : [    0.000000] Booting paravirtualized kernel on KVM
[kernel] : [    0.000000] Built 1 zonelists in Node order  mobility grouping on.  Total pages: 193401
[kernel] : [    0.000000] Built 1 zonelists in Node order  mobility grouping on.  Total pages: 193401
[kernel] : [    0.000000] CPU MTRRs all blank - virtualized system.
[kernel] : [    0.000000] CPU MTRRs all blank - virtualized system.
[kernel] : [    0.000000] CPU: 0 PID: 0 Comm: swapper Not tainted 4.4.0-24-generic #43-Ubuntu
[kernel] : [    0.000000] CPU: 0 PID: 0 Comm: swapper Not tainted 4.4.0-24-generic #43-Ubuntu
[kernel] : [    0.000000] CPUID[0d  00]: eax=00000007 ebx=00000440 ecx=00000440 edx=00000000
[kernel] : [    0.000000] CPUID[0d  00]: eax=00000007 ebx=00000440 ecx=00000440 edx=00000000
[kernel] : [    0.000000] CPUID[0d  01]: eax=00000000 ebx=000003c0 ecx=00000000 edx=00000000
[kernel] : [    0.000000] CPUID[0d  01]: eax=00000000 ebx=000003c0 ecx=00000000 edx=00000000
[kernel] : [    0.000000] CPUID[0d  02]: eax=00000100 ebx=00000240 ecx=00000000 edx=00000000
[kernel] : [    0.000000] CPUID[0d  02]: eax=00000100 ebx=00000240 ecx=00000000 edx=00000000
[kernel] : [    0.000000] CPUID[0d  03]: eax=00000000 ebx=00000000 ecx=00000000 edx=00000000
[kernel] : [    0.000000] CPUID[0d  03]: eax=00000000 ebx=00000000 ecx=00000000 edx=00000000
[kernel] : [    0.000000] CPUID[0d  04]: eax=00000000 ebx=00000000 ecx=00000000 edx=00000000
[kernel] : [    0.000000] CPUID[0d  04]: eax=00000000 ebx=00000000 ecx=00000000 edx=00000000
[kernel] : [    0.000000] CPUID[0d  05]: eax=00000000 ebx=00000000 ecx=00000000 edx=00000000
[kernel] : [    0.000000] CPUID[0d  05]: eax=00000000 ebx=00000000 ecx=00000000 edx=00000000
[kernel] : [    0.000000] CPUID[0d  06]: eax=00000000 ebx=00000000 ecx=00000000 edx=00000000
[kernel] : [    0.000000] CPUID[0d  06]: eax=00000000 ebx=00000000 ecx=00000000 edx=00000000
[kernel] : [    0.000000] CPUID[0d  07]: eax=00000000 ebx=00000000 ecx=00000000 edx=00000000
[kernel] : [    0.000000] CPUID[0d  07]: eax=00000000 ebx=00000000 ecx=00000000 edx=00000000
[kernel] : [    0.000000] CPUID[0d  08]: eax=00000000 ebx=00000000 ecx=00000000 edx=00000000
[kernel] : [    0.000000] CPUID[0d  08]: eax=00000000 ebx=00000000 ecx=00000000 edx=00000000
[kernel] : [    0.000000] CPUID[0d  09]: eax=00000000 ebx=00000000 ecx=00000000 edx=00000000
[kernel] : [    0.000000] CPUID[0d  09]: eax=00000000 ebx=00000000 ecx=00000000 edx=00000000
[kernel] : [    0.000000] CPUID[0d  0a]: eax=00000000 ebx=00000000 ecx=00000000 edx=00000000
[kernel] : [    0.000000] CPUID[0d  0a]: eax=00000000 ebx=00000000 ecx=00000000 edx=00000000
[kernel] : [    0.000000] CPUID[0d  0b]: eax=00000000 ebx=00000000 ecx=00000000 edx=00000000
[kernel] : [    0.000000] CPUID[0d  0b]: eax=00000000 ebx=00000000 ecx=00000000 edx=00000000
[kernel] : [    0.000000] CPUID[0d  0c]: eax=00000000 ebx=00000000 ecx=00000000 edx=00000000
[kernel] : [    0.000000] CPUID[0d  0c]: eax=00000000 ebx=00000000 ecx=00000000 edx=00000000
[kernel] : [    0.000000] CPUID[0d  0d]: eax=00000000 ebx=00000000 ecx=00000000 edx=00000000
[kernel] : [    0.000000] CPUID[0d  0d]: eax=00000000 ebx=00000000 ecx=00000000 edx=00000000
[kernel] : [    0.000000] CPUID[0d  0e]: eax=00000000 ebx=00000000 ecx=00000000 edx=00000000
[kernel] : [    0.000000] CPUID[0d  0e]: eax=00000000 ebx=00000000 ecx=00000000 edx=00000000
[kernel] : [    0.000000] CPUID[0d  0f]: eax=00000000 ebx=00000000 ecx=00000000 edx=00000000
[kernel] : [    0.000000] CPUID[0d  0f]: eax=00000000 ebx=00000000 ecx=00000000 edx=00000000
[kernel] : [    0.000000] CPUID[0d  10]: eax=00000000 ebx=00000000 ecx=00000000 edx=00000000
[kernel] : [    0.000000] CPUID[0d  10]: eax=00000000 ebx=00000000 ecx=00000000 edx=00000000
[kernel] : [    0.000000] CPUID[0d  11]: eax=00000000 ebx=00000000 ecx=00000000 edx=00000000
[kernel] : [    0.000000] CPUID[0d  11]: eax=00000000 ebx=00000000 ecx=00000000 edx=00000000
[kernel] : [    0.000000] Calgary: Unable to locate Rio Grande table in EBDA - bailing!
[kernel] : [    0.000000] Calgary: Unable to locate Rio Grande table in EBDA - bailing!
[kernel] : [    0.000000] Calgary: detecting Calgary via BIOS EBDA area
[kernel] : [    0.000000] Calgary: detecting Calgary via BIOS EBDA area
[kernel] : [    0.000000] Call Trace:
[kernel] : [    0.000000] Call Trace:
[kernel] : [    0.000000] Command line: BOOT_IMAGE=/boot/vmlinuz-4.4.0-24-generic root=UUID=45d5551c-ba7b-4e39-a2db-a97dfd81e8f1 ro splash quiet
[kernel] : [    0.000000] Command line: BOOT_IMAGE=/boot/vmlinuz-4.4.0-24-generic root=UUID=45d5551c-ba7b-4e39-a2db-a97dfd81e8f1 ro splash quiet
[kernel] : [    0.000000] Console: colour VGA+ 80x25
[kernel] : [    0.000000] Console: colour VGA+ 80x25
[kernel] : [    0.000000] DMI: innotek GmbH VirtualBox/VirtualBox  BIOS VirtualBox 12/01/2006
[kernel] : [    0.000000] DMI: innotek GmbH VirtualBox/VirtualBox  BIOS VirtualBox 12/01/2006
[kernel] : [    0.000000] Early memory node ranges
[kernel] : [    0.000000] Early memory node ranges
[kernel] : [    0.000000] Faking a node at [mem 0x0000000000000000-0x000000002ffeffff]
[kernel] : [    0.000000] Faking a node at [mem 0x0000000000000000-0x000000002ffeffff]
[kernel] : [    0.000000] Hierarchical RCU implementation.
[kernel] : [    0.000000] Hierarchical RCU implementation.
[kernel] : [    0.000000] Hypervisor detected: KVM
[kernel] : [    0.000000] Hypervisor detected: KVM
[kernel] : [    0.000000] IOAPIC[0]: apic_id 1  version 17  address 0xfec00000  GSI 0-23
[kernel] : [    0.000000] IOAPIC[0]: apic_id 1  version 17  address 0xfec00000  GSI 0-23
[kernel] : [    0.000000] Initializing cgroup subsys cpu
[kernel] : [    0.000000] Initializing cgroup subsys cpu
[kernel] : [    0.000000] Initializing cgroup subsys cpuacct
[kernel] : [    0.000000] Initializing cgroup subsys cpuacct
[kernel] : [    0.000000] Initializing cgroup subsys cpuset
[kernel] : [    0.000000] Initializing cgroup subsys cpuset
[kernel] : [    0.000000] Initmem setup node 0 [mem 0x0000000000001000-0x000000002ffeffff]
[kernel] : [    0.000000] Initmem setup node 0 [mem 0x0000000000001000-0x000000002ffeffff]
[kernel] : [    0.000000] KERNEL supported cpus:
[kernel] : [    0.000000] KERNEL supported cpus:
[kernel] : [    0.000000] Kernel command line: BOOT_IMAGE=/boot/vmlinuz-4.4.0-24-generic root=UUID=45d5551c-ba7b-4e39-a2db-a97dfd81e8f1 ro splash quiet
[kernel] : [    0.000000] Kernel command line: BOOT_IMAGE=/boot/vmlinuz-4.4.0-24-generic root=UUID=45d5551c-ba7b-4e39-a2db-a97dfd81e8f1 ro splash quiet
[kernel] : [    0.000000] Linux version 4.4.0-24-generic (buildd@lgw01-12) (gcc version 5.3.1 20160413 (Ubuntu 5.3.1-14ubuntu2.1) ) #43-Ubuntu SMP Wed Jun 8 19:27:37 UTC 2016 (Ubuntu 4.4.0-24.43-generic 4.4.10)
[kernel] : [    0.000000] Linux version 4.4.0-24-generic (buildd@lgw01-12) (gcc version 5.3.1 20160413 (Ubuntu 5.3.1-14ubuntu2.1) ) #43-Ubuntu SMP Wed Jun 8 19:27:37 UTC 2016 (Ubuntu 4.4.0-24.43-generic 4.4.10)
[kernel] : [    0.000000] MTRR default type: uncachable
[kernel] : [    0.000000] MTRR default type: uncachable
[kernel] : [    0.000000] MTRR variable ranges disabled:
[kernel] : [    0.000000] MTRR variable ranges disabled:
[kernel] : [    0.000000] MTRR: Disabled
[kernel] : [    0.000000] MTRR: Disabled
[kernel] : [    0.000000] Memory: 719380K/785976K available (8361K kernel code  1278K rwdata  3920K rodata  1480K init  1292K bss  66596K reserved  0K cma-reserved)
[kernel] : [    0.000000] Memory: 719380K/785976K available (8361K kernel code  1278K rwdata  3920K rodata  1480K init  1292K bss  66596K reserved  0K cma-reserved)
[kernel] : [    0.000000] Modules linked in:
[kernel] : [    0.000000] Modules linked in:
[kernel] : [    0.000000] Movable zone start for each node
[kernel] : [    0.000000] Movable zone start for each node
[kernel] : [    0.000000] NODE_DATA(0) allocated [mem 0x2ffeb000-0x2ffeffff]
[kernel] : [    0.000000] NODE_DATA(0) allocated [mem 0x2ffeb000-0x2ffeffff]
[kernel] : [    0.000000] NR_IRQS:16640 nr_irqs:256 16
[kernel] : [    0.000000] NR_IRQS:16640 nr_irqs:256 16
[kernel] : [    0.000000] NX (Execute Disable) protection: active
[kernel] : [    0.000000] NX (Execute Disable) protection: active
[kernel] : [    0.000000] No NUMA configuration found
[kernel] : [    0.000000] No NUMA configuration found
[kernel] : [    0.000000] On node 0 totalpages: 196494
[kernel] : [    0.000000] On node 0 totalpages: 196494
[kernel] : [    0.000000] PERCPU: Embedded 33 pages/cpu @ffff88002fc00000 s98008 r8192 d28968 u2097152
[kernel] : [    0.000000] PERCPU: Embedded 33 pages/cpu @ffff88002fc00000 s98008 r8192 d28968 u2097152
[kernel] : [    0.000000] PID hash table entries: 4096 (order: 3  32768 bytes)
[kernel] : [    0.000000] PID hash table entries: 4096 (order: 3  32768 bytes)
[kernel] : [    0.000000] PM: Registered nosave memory: [mem 0x00000000-0x00000fff]
[kernel] : [    0.000000] PM: Registered nosave memory: [mem 0x00000000-0x00000fff]
[kernel] : [    0.000000] PM: Registered nosave memory: [mem 0x0009f000-0x0009ffff]
[kernel] : [    0.000000] PM: Registered nosave memory: [mem 0x0009f000-0x0009ffff]
[kernel] : [    0.000000] PM: Registered nosave memory: [mem 0x000a0000-0x000effff]
[kernel] : [    0.000000] PM: Registered nosave memory: [mem 0x000a0000-0x000effff]
[kernel] : [    0.000000] PM: Registered nosave memory: [mem 0x000f0000-0x000fffff]
[kernel] : [    0.000000] PM: Registered nosave memory: [mem 0x000f0000-0x000fffff]
[kernel] : [    0.000000] PV qspinlock hash table entries: 256 (order: 0  4096 bytes)
[kernel] : [    0.000000] PV qspinlock hash table entries: 256 (order: 0  4096 bytes)
[kernel] : [    0.000000] Policy zone: DMA32
[kernel] : [    0.000000] Policy zone: DMA32
[kernel] : [    0.000000] RAMDISK: [mem 0x2d179000-0x2f3fdfff]
[kernel] : [    0.000000] RAMDISK: [mem 0x2d179000-0x2f3fdfff]
[kernel] : [    0.000000] RCU: Adjusting geometry for rcu_fanout_leaf=64  nr_cpu_ids=1
[kernel] : [    0.000000] RCU: Adjusting geometry for rcu_fanout_leaf=64  nr_cpu_ids=1
[kernel] : [    0.000000] SLUB: HWalign=64  Order=0-3  MinObjects=0  CPUs=1  Nodes=1
[kernel] : [    0.000000] SLUB: HWalign=64  Order=0-3  MinObjects=0  CPUs=1  Nodes=1
[kernel] : [    0.000000] SMBIOS 2.5 present.
[kernel] : [    0.000000] SMBIOS 2.5 present.
[kernel] : [    0.000000] Scanning 1 areas for low memory corruption
[kernel] : [    0.000000] Scanning 1 areas for low memory corruption
[kernel] : [    0.000000] Using ACPI (MADT) for SMP configuration information
[kernel] : [    0.000000] Using ACPI (MADT) for SMP configuration information
[kernel] : [    0.000000] WARNING: CPU: 0 PID: 0 at /build/linux-oXTOqc/linux-4.4.0/arch/x86/kernel/fpu/xstate.c:517 fpu__init_system_xstate+0x38b/0x75a()
[kernel] : [    0.000000] WARNING: CPU: 0 PID: 0 at /build/linux-oXTOqc/linux-4.4.0/arch/x86/kernel/fpu/xstate.c:517 fpu__init_system_xstate+0x38b/0x75a()
[kernel] : [    0.000000] XSAVE consistency problem  dumping leaves
[kernel] : [    0.000000] XSAVE consistency problem  dumping leaves
[kernel] : [    0.000000] Zone ranges:
[kernel] : [    0.000000] Zone ranges:
[kernel] : [    0.000000] clocksource: kvm-clock: mask: 0xffffffffffffffff max_cycles: 0x1cd42e4dffb  max_idle_ns: 881590591483 ns
[kernel] : [    0.000000] clocksource: kvm-clock: mask: 0xffffffffffffffff max_cycles: 0x1cd42e4dffb  max_idle_ns: 881590591483 ns
[kernel] : [    0.000000] clocksource: refined-jiffies: mask: 0xffffffff max_cycles: 0xffffffff  max_idle_ns: 7645519600211568 ns
[kernel] : [    0.000000] clocksource: refined-jiffies: mask: 0xffffffff max_cycles: 0xffffffff  max_idle_ns: 7645519600211568 ns
[kernel] : [    0.000000] console [tty0] enabled
[kernel] : [    0.000000] console [tty0] enabled
[kernel] : [    0.000000] e820: BIOS-provided physical RAM map:
[kernel] : [    0.000000] e820: BIOS-provided physical RAM map:
[kernel] : [    0.000000] e820: [mem 0x30000000-0xfffbffff] available for PCI devices
[kernel] : [    0.000000] e820: [mem 0x30000000-0xfffbffff] available for PCI devices
[kernel] : [    0.000000] e820: last_pfn = 0x2fff0 max_arch_pfn = 0x400000000
[kernel] : [    0.000000] e820: last_pfn = 0x2fff0 max_arch_pfn = 0x400000000
[kernel] : [    0.000000] e820: remove [mem 0x000a0000-0x000fffff] usable
[kernel] : [    0.000000] e820: remove [mem 0x000a0000-0x000fffff] usable
[kernel] : [    0.000000] e820: update [mem 0x00000000-0x00000fff] usable ==> reserved
[kernel] : [    0.000000] e820: update [mem 0x00000000-0x00000fff] usable ==> reserved
[kernel] : [    0.000000] found SMP MP-table at [mem 0x0009fff0-0x0009ffff] mapped at [ffff88000009fff0]
[kernel] : [    0.000000] found SMP MP-table at [mem 0x0009fff0-0x0009ffff] mapped at [ffff88000009fff0]
[kernel] : [    0.000000] kvm-clock: Using msrs 4b564d01 and 4b564d00
[kernel] : [    0.000000] kvm-clock: Using msrs 4b564d01 and 4b564d00
[kernel] : [    0.000000] kvm-clock: cpu 0  msr 0:2ffe7001  primary cpu clock
[kernel] : [    0.000000] kvm-clock: cpu 0  msr 0:2ffe7001  primary cpu clock
[kernel] : [    0.000000] kvm-clock: using sched offset of 15309137013128 cycles
[kernel] : [    0.000000] kvm-clock: using sched offset of 15309137013128 cycles
[kernel] : [    0.000000] pcpu-alloc: [0] 0
[kernel] : [    0.000000] pcpu-alloc: [0] 0
[kernel] : [    0.000000] pcpu-alloc: s98008 r8192 d28968 u2097152 alloc=1*2097152
[kernel] : [    0.000000] pcpu-alloc: s98008 r8192 d28968 u2097152 alloc=1*2097152
[kernel] : [    0.000000] setup_percpu: NR_CPUS:256 nr_cpumask_bits:256 nr_cpu_ids:1 nr_node_ids:1
[kernel] : [    0.000000] setup_percpu: NR_CPUS:256 nr_cpumask_bits:256 nr_cpu_ids:1 nr_node_ids:1
[kernel] : [    0.000000] smpboot: Allowing 1 CPUs  0 hotplug CPUs
[kernel] : [    0.000000] smpboot: Allowing 1 CPUs  0 hotplug CPUs
[kernel] : [    0.000000] tsc: Detected 2591.966 MHz processor
[kernel] : [    0.000000] tsc: Detected 2591.966 MHz processor
[kernel] : [    0.000000] x86/PAT: Configuration [0-7]: WB  WC  UC- UC  WB  WC  UC- WT
[kernel] : [    0.000000] x86/PAT: Configuration [0-7]: WB  WC  UC- UC  WB  WC  UC- WT
[kernel] : [    0.000000] x86/fpu: Enabled xstate features 0x7  context size is 1088 bytes  using 'standard' format.
[kernel] : [    0.000000] x86/fpu: Enabled xstate features 0x7  context size is 1088 bytes  using 'standard' format.
[kernel] : [    0.000000] x86/fpu: Supporting XSAVE feature 0x01: 'x87 floating point registers'
[kernel] : [    0.000000] x86/fpu: Supporting XSAVE feature 0x01: 'x87 floating point registers'
[kernel] : [    0.000000] x86/fpu: Supporting XSAVE feature 0x02: 'SSE registers'
[kernel] : [    0.000000] x86/fpu: Supporting XSAVE feature 0x02: 'SSE registers'
[kernel] : [    0.000000] x86/fpu: Supporting XSAVE feature 0x04: 'AVX registers'
[kernel] : [    0.000000] x86/fpu: Supporting XSAVE feature 0x04: 'AVX registers'
[kernel] : [    0.000000] x86/fpu: Using 'lazy' FPU context switches.
[kernel] : [    0.000000] x86/fpu: Using 'lazy' FPU context switches.
[kernel] : [    0.000000] x86/fpu: xstate_offset[2]:  576  xstate_sizes[2]:  256
[kernel] : [    0.000000] x86/fpu: xstate_offset[2]:  576  xstate_sizes[2]:  256
[kernel] : [    0.024569] Calibrating delay loop (skipped) preset value.. 5183.93 BogoMIPS (lpj=10367864)
[kernel] : [    0.024569] Calibrating delay loop (skipped) preset value.. 5183.93 BogoMIPS (lpj=10367864)
[kernel] : [    0.024572] pid_max: default: 32768 minimum: 301
[kernel] : [    0.024572] pid_max: default: 32768 minimum: 301
[kernel] : [    0.024575] ACPI: Core revision 20150930
[kernel] : [    0.024575] ACPI: Core revision 20150930
[kernel] : [    0.025328] ACPI: 2 ACPI AML tables successfully acquired and loaded
[kernel] : [    0.025328] ACPI: 2 ACPI AML tables successfully acquired and loaded
[kernel] : [    0.025340] Security Framework initialized
[kernel] : [    0.025340] Security Framework initialized
[kernel] : [    0.025341] Yama: becoming mindful.
[kernel] : [    0.025341] Yama: becoming mindful.
[kernel] : [    0.025349] AppArmor: AppArmor initialized
[kernel] : [    0.025349] AppArmor: AppArmor initialized
[kernel] : [    0.025406] Dentry cache hash table entries: 131072 (order: 8  1048576 bytes)
[kernel] : [    0.025406] Dentry cache hash table entries: 131072 (order: 8  1048576 bytes)
[kernel] : [    0.025531] Inode-cache hash table entries: 65536 (order: 7  524288 bytes)
[kernel] : [    0.025531] Inode-cache hash table entries: 65536 (order: 7  524288 bytes)
[kernel] : [    0.025588] Mount-cache hash table entries: 2048 (order: 2  16384 bytes)
[kernel] : [    0.025588] Mount-cache hash table entries: 2048 (order: 2  16384 bytes)
[kernel] : [    0.025589] Mountpoint-cache hash table entries: 2048 (order: 2  16384 bytes)
[kernel] : [    0.025589] Mountpoint-cache hash table entries: 2048 (order: 2  16384 bytes)
[kernel] : [    0.025697] Initializing cgroup subsys io
[kernel] : [    0.025697] Initializing cgroup subsys io
[kernel] : [    0.025700] Initializing cgroup subsys memory
[kernel] : [    0.025700] Initializing cgroup subsys memory
[kernel] : [    0.025703] Initializing cgroup subsys devices
[kernel] : [    0.025703] Initializing cgroup subsys devices
[kernel] : [    0.025705] Initializing cgroup subsys freezer
[kernel] : [    0.025705] Initializing cgroup subsys freezer
[kernel] : [    0.025706] Initializing cgroup subsys net_cls
[kernel] : [    0.025706] Initializing cgroup subsys net_cls
[kernel] : [    0.025707] Initializing cgroup subsys perf_event
[kernel] : [    0.025707] Initializing cgroup subsys perf_event
[kernel] : [    0.025709] Initializing cgroup subsys net_prio
[kernel] : [    0.025709] Initializing cgroup subsys net_prio
[kernel] : [    0.025710] Initializing cgroup subsys hugetlb
[kernel] : [    0.025710] Initializing cgroup subsys hugetlb
[kernel] : [    0.025712] Initializing cgroup subsys pids
[kernel] : [    0.025712] Initializing cgroup subsys pids
[kernel] : [    0.025774] CPU: Physical Processor ID: 0
[kernel] : [    0.025774] CPU: Physical Processor ID: 0
[kernel] : [    0.026692] mce: CPU supports 0 MCE banks
[kernel] : [    0.026692] mce: CPU supports 0 MCE banks
[kernel] : [    0.026706] process: using mwait in idle threads
[kernel] : [    0.026706] process: using mwait in idle threads
[kernel] : [    0.026710] Last level dTLB entries: 4KB 64  2MB 0  4MB 0  1GB 4
[kernel] : [    0.026710] Last level dTLB entries: 4KB 64  2MB 0  4MB 0  1GB 4
[kernel] : [    0.026710] Last level iTLB entries: 4KB 64  2MB 8  4MB 8
[kernel] : [    0.026710] Last level iTLB entries: 4KB 64  2MB 8  4MB 8
[kernel] : [    0.044098] Freeing SMP alternatives memory: 28K (ffffffff820b3000 - ffffffff820ba000)
[kernel] : [    0.044098] Freeing SMP alternatives memory: 28K (ffffffff820b3000 - ffffffff820ba000)
[kernel] : [    0.050858] ftrace: allocating 31907 entries in 125 pages
[kernel] : [    0.050858] ftrace: allocating 31907 entries in 125 pages
[kernel] : [    0.084284] smpboot: Max logical packages: 1
[kernel] : [    0.084284] smpboot: Max logical packages: 1
[kernel] : [    0.084287] smpboot: APIC(0) Converting physical 0 to logical package 0
[kernel] : [    0.084287] smpboot: APIC(0) Converting physical 0 to logical package 0
[kernel] : [    0.085369] ..TIMER: vector=0x30 apic1=0 pin1=2 apic2=-1 pin2=-1
[kernel] : [    0.085369] ..TIMER: vector=0x30 apic1=0 pin1=2 apic2=-1 pin2=-1
[kernel] : [    0.180227] APIC calibration not consistent with PM-Timer: 96ms instead of 100ms
[kernel] : [    0.180227] APIC calibration not consistent with PM-Timer: 96ms instead of 100ms
[kernel] : [    0.180228] APIC delta adjusted to PM-Timer: 6364341 (6165813)
[kernel] : [    0.180228] APIC delta adjusted to PM-Timer: 6364341 (6165813)
[kernel] : [    0.180278] smpboot: CPU0: Intel(R) Core(TM) i7-6700HQ CPU @ 2.60GHz (family: 0x6  model: 0x5e  stepping: 0x3)
[kernel] : [    0.180278] smpboot: CPU0: Intel(R) Core(TM) i7-6700HQ CPU @ 2.60GHz (family: 0x6  model: 0x5e  stepping: 0x3)
[kernel] : [    0.180288] Performance Events: unsupported p6 CPU model 94 no PMU driver  software events only.
[kernel] : [    0.180288] Performance Events: unsupported p6 CPU model 94 no PMU driver  software events only.
[kernel] : [    0.180315] KVM setup paravirtual spinlock
[kernel] : [    0.180315] KVM setup paravirtual spinlock
[kernel] : [    0.180788] x86: Booted up 1 node  1 CPUs
[kernel] : [    0.180788] x86: Booted up 1 node  1 CPUs
[kernel] : [    0.180789] smpboot: Total of 1 processors activated (5183.93 BogoMIPS)
[kernel] : [    0.180789] smpboot: Total of 1 processors activated (5183.93 BogoMIPS)
[kernel] : [    0.180982] devtmpfs: initialized
[kernel] : [    0.180982] devtmpfs: initialized
[kernel] : [    0.182024] evm: security.selinux
[kernel] : [    0.182024] evm: security.selinux
[kernel] : [    0.182025] evm: security.SMACK64
[kernel] : [    0.182025] evm: security.SMACK64
[kernel] : [    0.182025] evm: security.SMACK64EXEC
[kernel] : [    0.182025] evm: security.SMACK64EXEC
[kernel] : [    0.182026] evm: security.SMACK64MMAP
[kernel] : [    0.182026] evm: security.SMACK64MMAP
[kernel] : [    0.182026] evm: security.SMACK64TRANSMUTE
[kernel] : [    0.182026] evm: security.SMACK64TRANSMUTE
[kernel] : [    0.182027] evm: security.ima
[kernel] : [    0.182027] evm: security.ima
[kernel] : [    0.182028] evm: security.capability
[kernel] : [    0.182028] evm: security.capability
[kernel] : [    0.182095] clocksource: jiffies: mask: 0xffffffff max_cycles: 0xffffffff  max_idle_ns: 7645041785100000 ns
[kernel] : [    0.182095] clocksource: jiffies: mask: 0xffffffff max_cycles: 0xffffffff  max_idle_ns: 7645041785100000 ns
[kernel] : [    0.182140] pinctrl core: initialized pinctrl subsystem
[kernel] : [    0.182140] pinctrl core: initialized pinctrl subsystem
[kernel] : [    0.182234] RTC time: 14:15:40  date: 06/21/16
[kernel] : [    0.182234] RTC time: 14:15:40  date: 06/21/16
[kernel] : [    0.182338] NET: Registered protocol family 16
[kernel] : [    0.182338] NET: Registered protocol family 16
[kernel] : [    0.182443] cpuidle: using governor ladder
[kernel] : [    0.182443] cpuidle: using governor ladder
[kernel] : [    0.182444] cpuidle: using governor menu
[kernel] : [    0.182444] cpuidle: using governor menu
[kernel] : [    0.182447] PCCT header not found.
[kernel] : [    0.182447] PCCT header not found.
[kernel] : [    0.182483] ACPI: bus type PCI registered
[kernel] : [    0.182483] ACPI: bus type PCI registered
[kernel] : [    0.182484] acpiphp: ACPI Hot Plug PCI Controller Driver version: 0.5
[kernel] : [    0.182484] acpiphp: ACPI Hot Plug PCI Controller Driver version: 0.5
[kernel] : [    0.182566] PCI: Using configuration type 1 for base access
[kernel] : [    0.182566] PCI: Using configuration type 1 for base access
[kernel] : [    0.183576] ACPI: Added _OSI(Module Device)
[kernel] : [    0.183576] ACPI: Added _OSI(Module Device)
[kernel] : [    0.183577] ACPI: Added _OSI(Processor Device)
[kernel] : [    0.183577] ACPI: Added _OSI(Processor Device)
[kernel] : [    0.183578] ACPI: Added _OSI(3.0 _SCP Extensions)
[kernel] : [    0.183578] ACPI: Added _OSI(3.0 _SCP Extensions)
[kernel] : [    0.183579] ACPI: Added _OSI(Processor Aggregator Device)
[kernel] : [    0.183579] ACPI: Added _OSI(Processor Aggregator Device)
[kernel] : [    0.183962] ACPI: Executed 1 blocks of module-level executable AML code
[kernel] : [    0.183962] ACPI: Executed 1 blocks of module-level executable AML code
[kernel] : [    0.185330] ACPI: Interpreter enabled
[kernel] : [    0.185330] ACPI: Interpreter enabled
[kernel] : [    0.185333] ACPI Exception: AE_NOT_FOUND  While evaluating Sleep State [\_S1_] (20150930/hwxface-580)
[kernel] : [    0.185333] ACPI Exception: AE_NOT_FOUND  While evaluating Sleep State [\_S1_] (20150930/hwxface-580)
[kernel] : [    0.185335] ACPI Exception: AE_NOT_FOUND  While evaluating Sleep State [\_S2_] (20150930/hwxface-580)
[kernel] : [    0.185335] ACPI Exception: AE_NOT_FOUND  While evaluating Sleep State [\_S2_] (20150930/hwxface-580)
[kernel] : [    0.185337] ACPI Exception: AE_NOT_FOUND  While evaluating Sleep State [\_S3_] (20150930/hwxface-580)
[kernel] : [    0.185337] ACPI Exception: AE_NOT_FOUND  While evaluating Sleep State [\_S3_] (20150930/hwxface-580)
[kernel] : [    0.185339] ACPI Exception: AE_NOT_FOUND  While evaluating Sleep State [\_S4_] (20150930/hwxface-580)
[kernel] : [    0.185339] ACPI Exception: AE_NOT_FOUND  While evaluating Sleep State [\_S4_] (20150930/hwxface-580)
[kernel] : [    0.185343] ACPI: (supports S0 S5)
[kernel] : [    0.185343] ACPI: (supports S0 S5)
[kernel] : [    0.185344] ACPI: Using IOAPIC for interrupt routing
[kernel] : [    0.185344] ACPI: Using IOAPIC for interrupt routing
[kernel] : [    0.185441] PCI: Using host bridge windows from ACPI; if necessary  use "pci=nocrs" and report a bug
[kernel] : [    0.185441] PCI: Using host bridge windows from ACPI; if necessary  use "pci=nocrs" and report a bug
[kernel] : [    0.187754] ACPI: PCI Root Bridge [PCI0] (domain 0000 [bus 00-ff])
[kernel] : [    0.187754] ACPI: PCI Root Bridge [PCI0] (domain 0000 [bus 00-ff])
[kernel] : [    0.187757] acpi PNP0A03:00: _OSC: OS supports [ASPM ClockPM Segments MSI]
[kernel] : [    0.187757] acpi PNP0A03:00: _OSC: OS supports [ASPM ClockPM Segments MSI]
[kernel] : [    0.187760] acpi PNP0A03:00: _OSC failed (AE_NOT_FOUND); disabling ASPM
[kernel] : [    0.187760] acpi PNP0A03:00: _OSC failed (AE_NOT_FOUND); disabling ASPM
[kernel] : [    0.187765] acpi PNP0A03:00: fail to add MMCONFIG information  can't access extended PCI configuration space under this bridge.
[kernel] : [    0.187765] acpi PNP0A03:00: fail to add MMCONFIG information  can't access extended PCI configuration space under this bridge.
[kernel] : [    0.187908] PCI host bridge to bus 0000:00
[kernel] : [    0.187908] PCI host bridge to bus 0000:00
[kernel] : [    0.187910] pci_bus 0000:00: root bus resource [io  0x0000-0x0cf7 window]
[kernel] : [    0.187910] pci_bus 0000:00: root bus resource [io  0x0000-0x0cf7 window]
[kernel] : [    0.187911] pci_bus 0000:00: root bus resource [io  0x0d00-0xffff window]
[kernel] : [    0.187911] pci_bus 0000:00: root bus resource [io  0x0d00-0xffff window]
[kernel] : [    0.187912] pci_bus 0000:00: root bus resource [mem 0x000a0000-0x000bffff window]
[kernel] : [    0.187912] pci_bus 0000:00: root bus resource [mem 0x000a0000-0x000bffff window]
[kernel] : [    0.187913] pci_bus 0000:00: root bus resource [mem 0x30000000-0xffdfffff window]
[kernel] : [    0.187913] pci_bus 0000:00: root bus resource [mem 0x30000000-0xffdfffff window]
[kernel] : [    0.187915] pci_bus 0000:00: root bus resource [bus 00-ff]
[kernel] : [    0.187915] pci_bus 0000:00: root bus resource [bus 00-ff]
[kernel] : [    0.187937] pci 0000:00:00.0: [8086:1237] type 00 class 0x060000
[kernel] : [    0.187937] pci 0000:00:00.0: [8086:1237] type 00 class 0x060000
[kernel] : [    0.188238] pci 0000:00:01.0: [8086:7000] type 00 class 0x060100
[kernel] : [    0.188238] pci 0000:00:01.0: [8086:7000] type 00 class 0x060100
[kernel] : [    0.188606] pci 0000:00:01.1: [8086:7111] type 00 class 0x01018a
[kernel] : [    0.188606] pci 0000:00:01.1: [8086:7111] type 00 class 0x01018a
[kernel] : [    0.188818] pci 0000:00:01.1: reg 0x20: [io  0xd000-0xd00f]
[kernel] : [    0.188818] pci 0000:00:01.1: reg 0x20: [io  0xd000-0xd00f]
[kernel] : [    0.188905] pci 0000:00:01.1: legacy IDE quirk: reg 0x10: [io  0x01f0-0x01f7]
[kernel] : [    0.188905] pci 0000:00:01.1: legacy IDE quirk: reg 0x10: [io  0x01f0-0x01f7]
[kernel] : [    0.188906] pci 0000:00:01.1: legacy IDE quirk: reg 0x14: [io  0x03f6]
[kernel] : [    0.188906] pci 0000:00:01.1: legacy IDE quirk: reg 0x14: [io  0x03f6]
[kernel] : [    0.188907] pci 0000:00:01.1: legacy IDE quirk: reg 0x18: [io  0x0170-0x0177]
[kernel] : [    0.188907] pci 0000:00:01.1: legacy IDE quirk: reg 0x18: [io  0x0170-0x0177]
[kernel] : [    0.188908] pci 0000:00:01.1: legacy IDE quirk: reg 0x1c: [io  0x0376]
[kernel] : [    0.188908] pci 0000:00:01.1: legacy IDE quirk: reg 0x1c: [io  0x0376]
[kernel] : [    0.189020] pci 0000:00:02.0: [80ee:beef] type 00 class 0x030000
[kernel] : [    0.189020] pci 0000:00:02.0: [80ee:beef] type 00 class 0x030000
[kernel] : [    0.189617] pci 0000:00:02.0: reg 0x10: [mem 0xe0000000-0xe0ffffff pref]
[kernel] : [    0.189617] pci 0000:00:02.0: reg 0x10: [mem 0xe0000000-0xe0ffffff pref]
[kernel] : [    0.192575] pci 0000:00:03.0: [8086:100e] type 00 class 0x020000
[kernel] : [    0.192575] pci 0000:00:03.0: [8086:100e] type 00 class 0x020000
[kernel] : [    0.193063] pci 0000:00:03.0: reg 0x10: [mem 0xf0000000-0xf001ffff]
[kernel] : [    0.193063] pci 0000:00:03.0: reg 0x10: [mem 0xf0000000-0xf001ffff]
[kernel] : [    0.193552] pci 0000:00:03.0: reg 0x18: [io  0xd010-0xd017]
[kernel] : [    0.193552] pci 0000:00:03.0: reg 0x18: [io  0xd010-0xd017]
[kernel] : [    0.194640] pci 0000:00:04.0: [80ee:cafe] type 00 class 0x088000
[kernel] : [    0.194640] pci 0000:00:04.0: [80ee:cafe] type 00 class 0x088000
[kernel] : [    0.194907] pci 0000:00:04.0: reg 0x10: [io  0xd020-0xd03f]
[kernel] : [    0.194907] pci 0000:00:04.0: reg 0x10: [io  0xd020-0xd03f]
[kernel] : [    0.195147] pci 0000:00:04.0: reg 0x14: [mem 0xf0400000-0xf07fffff]
[kernel] : [    0.195147] pci 0000:00:04.0: reg 0x14: [mem 0xf0400000-0xf07fffff]
[kernel] : [    0.195444] pci 0000:00:04.0: reg 0x18: [mem 0xf0800000-0xf0803fff pref]
[kernel] : [    0.195444] pci 0000:00:04.0: reg 0x18: [mem 0xf0800000-0xf0803fff pref]
[kernel] : [    0.196481] pci 0000:00:05.0: [8086:2415] type 00 class 0x040100
[kernel] : [    0.196481] pci 0000:00:05.0: [8086:2415] type 00 class 0x040100
[kernel] : [    0.196545] pci 0000:00:05.0: reg 0x10: [io  0xd100-0xd1ff]
[kernel] : [    0.196545] pci 0000:00:05.0: reg 0x10: [io  0xd100-0xd1ff]
[kernel] : [    0.196582] pci 0000:00:05.0: reg 0x14: [io  0xd200-0xd23f]
[kernel] : [    0.196582] pci 0000:00:05.0: reg 0x14: [io  0xd200-0xd23f]
[kernel] : [    0.196919] pci 0000:00:06.0: [106b:003f] type 00 class 0x0c0310
[kernel] : [    0.196919] pci 0000:00:06.0: [106b:003f] type 00 class 0x0c0310
[kernel] : [    0.197185] pci 0000:00:06.0: reg 0x10: [mem 0xf0804000-0xf0804fff]
[kernel] : [    0.197185] pci 0000:00:06.0: reg 0x10: [mem 0xf0804000-0xf0804fff]
[kernel] : [    0.198589] pci 0000:00:07.0: [8086:7113] type 00 class 0x068000
[kernel] : [    0.198589] pci 0000:00:07.0: [8086:7113] type 00 class 0x068000
[kernel] : [    0.199019] pci 0000:00:0d.0: [8086:2829] type 00 class 0x010601
[kernel] : [    0.199019] pci 0000:00:0d.0: [8086:2829] type 00 class 0x010601
[kernel] : [    0.199371] pci 0000:00:0d.0: reg 0x10: [io  0xd240-0xd247]
[kernel] : [    0.199371] pci 0000:00:0d.0: reg 0x10: [io  0xd240-0xd247]
[kernel] : [    0.199811] pci 0000:00:0d.0: reg 0x18: [io  0xd250-0xd257]
[kernel] : [    0.199811] pci 0000:00:0d.0: reg 0x18: [io  0xd250-0xd257]
[kernel] : [    0.200242] pci 0000:00:0d.0: reg 0x20: [io  0xd260-0xd26f]
[kernel] : [    0.200242] pci 0000:00:0d.0: reg 0x20: [io  0xd260-0xd26f]
[kernel] : [    0.200474] pci 0000:00:0d.0: reg 0x24: [mem 0xf0806000-0xf0807fff]
[kernel] : [    0.200474] pci 0000:00:0d.0: reg 0x24: [mem 0xf0806000-0xf0807fff]
[kernel] : [    0.201526] ACPI: PCI Interrupt Link [LNKA] (IRQs 5 9 10 *11)
[kernel] : [    0.201526] ACPI: PCI Interrupt Link [LNKA] (IRQs 5 9 10 *11)
[kernel] : [    0.201655] ACPI: PCI Interrupt Link [LNKB] (IRQs 5 9 10 *11)
[kernel] : [    0.201655] ACPI: PCI Interrupt Link [LNKB] (IRQs 5 9 10 *11)
[kernel] : [    0.201703] ACPI: PCI Interrupt Link [LNKC] (IRQs 5 9 *10 11)
[kernel] : [    0.201703] ACPI: PCI Interrupt Link [LNKC] (IRQs 5 9 *10 11)
[kernel] : [    0.201750] ACPI: PCI Interrupt Link [LNKD] (IRQs 5 *9 10 11)
[kernel] : [    0.201750] ACPI: PCI Interrupt Link [LNKD] (IRQs 5 *9 10 11)
[kernel] : [    0.201822] ACPI: Enabled 2 GPEs in block 00 to 07
[kernel] : [    0.201822] ACPI: Enabled 2 GPEs in block 00 to 07
[kernel] : [    0.201966] vgaarb: setting as boot device: PCI:0000:00:02.0
[kernel] : [    0.201966] vgaarb: setting as boot device: PCI:0000:00:02.0
[kernel] : [    0.201968] vgaarb: device added: PCI:0000:00:02.0 decodes=io+mem owns=io+mem locks=none
[kernel] : [    0.201968] vgaarb: device added: PCI:0000:00:02.0 decodes=io+mem owns=io+mem locks=none
[kernel] : [    0.201969] vgaarb: loaded
[kernel] : [    0.201969] vgaarb: loaded
[kernel] : [    0.201970] vgaarb: bridge control possible 0000:00:02.0
[kernel] : [    0.201970] vgaarb: bridge control possible 0000:00:02.0
[kernel] : [    0.202149] SCSI subsystem initialized
[kernel] : [    0.202149] SCSI subsystem initialized
[kernel] : [    0.202184] libata version 3.00 loaded.
[kernel] : [    0.202184] libata version 3.00 loaded.
[kernel] : [    0.202204] ACPI: bus type USB registered
[kernel] : [    0.202204] ACPI: bus type USB registered
[kernel] : [    0.202217] usbcore: registered new interface driver usbfs
[kernel] : [    0.202217] usbcore: registered new interface driver usbfs
[kernel] : [    0.202223] usbcore: registered new interface driver hub
[kernel] : [    0.202223] usbcore: registered new interface driver hub
[kernel] : [    0.202228] usbcore: registered new device driver usb
[kernel] : [    0.202228] usbcore: registered new device driver usb
[kernel] : [    0.202323] PCI: Using ACPI for IRQ routing
[kernel] : [    0.202323] PCI: Using ACPI for IRQ routing
[kernel] : [    0.202324] PCI: pci_cache_line_size set to 64 bytes
[kernel] : [    0.202324] PCI: pci_cache_line_size set to 64 bytes
[kernel] : [    0.202422] e820: reserve RAM buffer [mem 0x0009fc00-0x0009ffff]
[kernel] : [    0.202422] e820: reserve RAM buffer [mem 0x0009fc00-0x0009ffff]
[kernel] : [    0.202425] e820: reserve RAM buffer [mem 0x2fff0000-0x2fffffff]
[kernel] : [    0.202425] e820: reserve RAM buffer [mem 0x2fff0000-0x2fffffff]
[kernel] : [    0.202513] NetLabel: Initializing
[kernel] : [    0.202513] NetLabel: Initializing
[kernel] : [    0.202514] NetLabel:  domain hash size = 128
[kernel] : [    0.202514] NetLabel:  domain hash size = 128
[kernel] : [    0.202514] NetLabel:  protocols = UNLABELED CIPSOv4
[kernel] : [    0.202514] NetLabel:  protocols = UNLABELED CIPSOv4
[kernel] : [    0.202524] NetLabel:  unlabeled traffic allowed by default
[kernel] : [    0.202524] NetLabel:  unlabeled traffic allowed by default
[kernel] : [    0.202581] clocksource: Switched to clocksource kvm-clock
[kernel] : [    0.202581] clocksource: Switched to clocksource kvm-clock
[kernel] : [    0.206805] AppArmor: AppArmor Filesystem Enabled
[kernel] : [    0.206805] AppArmor: AppArmor Filesystem Enabled
[kernel] : [    0.206847] pnp: PnP ACPI init
[kernel] : [    0.206847] pnp: PnP ACPI init
[kernel] : [    0.206895] pnp 00:00: Plug and Play ACPI device  IDs PNP0303 (active)
[kernel] : [    0.206895] pnp 00:00: Plug and Play ACPI device  IDs PNP0303 (active)
[kernel] : [    0.206952] pnp 00:01: Plug and Play ACPI device  IDs PNP0f03 (active)
[kernel] : [    0.206952] pnp 00:01: Plug and Play ACPI device  IDs PNP0f03 (active)
[kernel] : [    0.207326] pnp: PnP ACPI: found 2 devices
[kernel] : [    0.207326] pnp: PnP ACPI: found 2 devices
[kernel] : [    0.212715] clocksource: acpi_pm: mask: 0xffffff max_cycles: 0xffffff  max_idle_ns: 2085701024 ns
[kernel] : [    0.212715] clocksource: acpi_pm: mask: 0xffffff max_cycles: 0xffffff  max_idle_ns: 2085701024 ns
[kernel] : [    0.212724] pci_bus 0000:00: resource 4 [io  0x0000-0x0cf7 window]
[kernel] : [    0.212724] pci_bus 0000:00: resource 4 [io  0x0000-0x0cf7 window]
[kernel] : [    0.212725] pci_bus 0000:00: resource 5 [io  0x0d00-0xffff window]
[kernel] : [    0.212725] pci_bus 0000:00: resource 5 [io  0x0d00-0xffff window]
[kernel] : [    0.212726] pci_bus 0000:00: resource 6 [mem 0x000a0000-0x000bffff window]
[kernel] : [    0.212726] pci_bus 0000:00: resource 6 [mem 0x000a0000-0x000bffff window]
[kernel] : [    0.212728] pci_bus 0000:00: resource 7 [mem 0x30000000-0xffdfffff window]
[kernel] : [    0.212728] pci_bus 0000:00: resource 7 [mem 0x30000000-0xffdfffff window]
[kernel] : [    0.212748] NET: Registered protocol family 2
[kernel] : [    0.212748] NET: Registered protocol family 2
[kernel] : [    0.212860] TCP established hash table entries: 8192 (order: 4  65536 bytes)
[kernel] : [    0.212860] TCP established hash table entries: 8192 (order: 4  65536 bytes)
[kernel] : [    0.212871] TCP bind hash table entries: 8192 (order: 5  131072 bytes)
[kernel] : [    0.212871] TCP bind hash table entries: 8192 (order: 5  131072 bytes)
[kernel] : [    0.212883] TCP: Hash tables configured (established 8192 bind 8192)
[kernel] : [    0.212883] TCP: Hash tables configured (established 8192 bind 8192)
[kernel] : [    0.212900] UDP hash table entries: 512 (order: 2  16384 bytes)
[kernel] : [    0.212900] UDP hash table entries: 512 (order: 2  16384 bytes)
[kernel] : [    0.212903] UDP-Lite hash table entries: 512 (order: 2  16384 bytes)
[kernel] : [    0.212903] UDP-Lite hash table entries: 512 (order: 2  16384 bytes)
[kernel] : [    0.212924] NET: Registered protocol family 1
[kernel] : [    0.212924] NET: Registered protocol family 1
[kernel] : [    0.212933] pci 0000:00:00.0: Limiting direct PCI/PCI transfers
[kernel] : [    0.212933] pci 0000:00:00.0: Limiting direct PCI/PCI transfers
[kernel] : [    0.212949] pci 0000:00:01.0: Activating ISA DMA hang workarounds
[kernel] : [    0.212949] pci 0000:00:01.0: Activating ISA DMA hang workarounds
[kernel] : [    0.212966] pci 0000:00:02.0: Video device with shadowed ROM
[kernel] : [    0.212966] pci 0000:00:02.0: Video device with shadowed ROM
[kernel] : [    0.213902] PCI: CLS 0 bytes  default 64
[kernel] : [    0.213902] PCI: CLS 0 bytes  default 64
[kernel] : [    0.213941] Trying to unpack rootfs image as initramfs...
[kernel] : [    0.213941] Trying to unpack rootfs image as initramfs...
[kernel] : [    0.599810] Freeing initrd memory: 35348K (ffff88002d179000 - ffff88002f3fe000)
[kernel] : [    0.599810] Freeing initrd memory: 35348K (ffff88002d179000 - ffff88002f3fe000)
[kernel] : [    0.600012] platform rtc_cmos: registered platform RTC device (no PNP device found)
[kernel] : [    0.600012] platform rtc_cmos: registered platform RTC device (no PNP device found)
[kernel] : [    0.600033] Scanning for low memory corruption every 60 seconds
[kernel] : [    0.600033] Scanning for low memory corruption every 60 seconds
[kernel] : [    0.600215] futex hash table entries: 256 (order: 2  16384 bytes)
[kernel] : [    0.600215] futex hash table entries: 256 (order: 2  16384 bytes)
[kernel] : [    0.600229] audit: initializing netlink subsys (disabled)
[kernel] : [    0.600229] audit: initializing netlink subsys (disabled)
[kernel] : [    0.600239] audit: type=2000 audit(1466533849.454:1): initialized
[kernel] : [    0.600239] audit: type=2000 audit(1466533849.454:1): initialized
[kernel] : [    0.600434] Initialise system trusted keyring
[kernel] : [    0.600434] Initialise system trusted keyring
[kernel] : [    0.600490] HugeTLB registered 2 MB page size  pre-allocated 0 pages
[kernel] : [    0.600490] HugeTLB registered 2 MB page size  pre-allocated 0 pages
[kernel] : [    0.601373] zbud: loaded
[kernel] : [    0.601373] zbud: loaded
[kernel] : [    0.601490] VFS: Disk quotas dquot_6.6.0
[kernel] : [    0.601490] VFS: Disk quotas dquot_6.6.0
[kernel] : [    0.601509] VFS: Dquot-cache hash table entries: 512 (order 0  4096 bytes)
[kernel] : [    0.601509] VFS: Dquot-cache hash table entries: 512 (order 0  4096 bytes)
[kernel] : [    0.601774] fuse init (API version 7.23)
[kernel] : [    0.601774] fuse init (API version 7.23)
[kernel] : [    0.601850] Key type big_key registered
[kernel] : [    0.601850] Key type big_key registered
[kernel] : [    0.601864] Allocating IMA MOK and blacklist keyrings.
[kernel] : [    0.601864] Allocating IMA MOK and blacklist keyrings.
[kernel] : [    0.601998] Key type asymmetric registered
[kernel] : [    0.601998] Key type asymmetric registered
[kernel] : [    0.602003] Asymmetric key parser 'x509' registered
[kernel] : [    0.602003] Asymmetric key parser 'x509' registered
[kernel] : [    0.602027] Block layer SCSI generic (bsg) driver version 0.4 loaded (major 249)
[kernel] : [    0.602027] Block layer SCSI generic (bsg) driver version 0.4 loaded (major 249)
[kernel] : [    0.602040] io scheduler noop registered
[kernel] : [    0.602040] io scheduler noop registered
[kernel] : [    0.602043] io scheduler deadline registered (default)
[kernel] : [    0.602043] io scheduler deadline registered (default)
[kernel] : [    0.602064] io scheduler cfq registered
[kernel] : [    0.602064] io scheduler cfq registered
[kernel] : [    0.602154] pci_hotplug: PCI Hot Plug PCI Core version: 0.5
[kernel] : [    0.602154] pci_hotplug: PCI Hot Plug PCI Core version: 0.5
[kernel] : [    0.602157] pciehp: PCI Express Hot Plug Controller Driver version: 0.4
[kernel] : [    0.602157] pciehp: PCI Express Hot Plug Controller Driver version: 0.4
[kernel] : [    0.602269] ACPI: AC Adapter [AC] (on-line)
[kernel] : [    0.602269] ACPI: AC Adapter [AC] (on-line)
[kernel] : [    0.602305] input: Power Button as /devices/LNXSYSTM:00/LNXPWRBN:00/input/input0
[kernel] : [    0.602305] input: Power Button as /devices/LNXSYSTM:00/LNXPWRBN:00/input/input0
[kernel] : [    0.602307] ACPI: Power Button [PWRF]
[kernel] : [    0.602307] ACPI: Power Button [PWRF]
[kernel] : [    0.602361] input: Sleep Button as /devices/LNXSYSTM:00/LNXSLPBN:00/input/input1
[kernel] : [    0.602361] input: Sleep Button as /devices/LNXSYSTM:00/LNXSLPBN:00/input/input1
[kernel] : [    0.602362] ACPI: Sleep Button [SLPF]
[kernel] : [    0.602362] ACPI: Sleep Button [SLPF]
[kernel] : [    0.602442] GHES: HEST is not enabled!
[kernel] : [    0.602442] GHES: HEST is not enabled!
[kernel] : [    0.602855] ACPI: Battery Slot [BAT0] (battery present)
[kernel] : [    0.602855] ACPI: Battery Slot [BAT0] (battery present)
[kernel] : [    0.602877] Serial: 8250/16550 driver  32 ports  IRQ sharing enabled
[kernel] : [    0.602877] Serial: 8250/16550 driver  32 ports  IRQ sharing enabled
[kernel] : [    0.603674] Linux agpgart interface v0.103
[kernel] : [    0.603674] Linux agpgart interface v0.103
[kernel] : [    0.604814] brd: module loaded
[kernel] : [    0.604814] brd: module loaded
[kernel] : [    0.605301] loop: module loaded
[kernel] : [    0.605301] loop: module loaded
[kernel] : [    0.605381] ata_piix 0000:00:01.1: version 2.13
[kernel] : [    0.605381] ata_piix 0000:00:01.1: version 2.13
[kernel] : [    0.605631] scsi host0: ata_piix
[kernel] : [    0.605631] scsi host0: ata_piix
[kernel] : [    0.605666] scsi host1: ata_piix
[kernel] : [    0.605666] scsi host1: ata_piix
[kernel] : [    0.605686] ata1: PATA max UDMA/33 cmd 0x1f0 ctl 0x3f6 bmdma 0xd000 irq 14
[kernel] : [    0.605686] ata1: PATA max UDMA/33 cmd 0x1f0 ctl 0x3f6 bmdma 0xd000 irq 14
[kernel] : [    0.605687] ata2: PATA max UDMA/33 cmd 0x170 ctl 0x376 bmdma 0xd008 irq 15
[kernel] : [    0.605687] ata2: PATA max UDMA/33 cmd 0x170 ctl 0x376 bmdma 0xd008 irq 15
[kernel] : [    0.605732] libphy: Fixed MDIO Bus: probed
[kernel] : [    0.605732] libphy: Fixed MDIO Bus: probed
[kernel] : [    0.605734] tun: Universal TUN/TAP device driver  1.6
[kernel] : [    0.605734] tun: Universal TUN/TAP device driver  1.6
[kernel] : [    0.605735] tun: (C) 1999-2004 Max Krasnyansky <maxk@qualcomm.com>
[kernel] : [    0.605735] tun: (C) 1999-2004 Max Krasnyansky <maxk@qualcomm.com>
[kernel] : [    0.605970] PPP generic driver version 2.4.2
[kernel] : [    0.605970] PPP generic driver version 2.4.2
[kernel] : [    0.606024] ehci_hcd: USB 2.0 'Enhanced' Host Controller (EHCI) Driver
[kernel] : [    0.606024] ehci_hcd: USB 2.0 'Enhanced' Host Controller (EHCI) Driver
[kernel] : [    0.606028] ehci-pci: EHCI PCI platform driver
[kernel] : [    0.606028] ehci-pci: EHCI PCI platform driver
[kernel] : [    0.606035] ehci-platform: EHCI generic platform driver
[kernel] : [    0.606035] ehci-platform: EHCI generic platform driver
[kernel] : [    0.606042] ohci_hcd: USB 1.1 'Open' Host Controller (OHCI) Driver
[kernel] : [    0.606042] ohci_hcd: USB 1.1 'Open' Host Controller (OHCI) Driver
[kernel] : [    0.606045] ohci-pci: OHCI PCI platform driver
[kernel] : [    0.606045] ohci-pci: OHCI PCI platform driver
[kernel] : [    0.606366] ohci-pci 0000:00:06.0: OHCI PCI host controller
[kernel] : [    0.606366] ohci-pci 0000:00:06.0: OHCI PCI host controller
[kernel] : [    0.606373] ohci-pci 0000:00:06.0: new USB bus registered  assigned bus number 1
[kernel] : [    0.606373] ohci-pci 0000:00:06.0: new USB bus registered  assigned bus number 1
[kernel] : [    0.606424] ohci-pci 0000:00:06.0: irq 22  io mem 0xf0804000
[kernel] : [    0.606424] ohci-pci 0000:00:06.0: irq 22  io mem 0xf0804000
[kernel] : [    0.660231] usb usb1: New USB device found  idVendor=1d6b  idProduct=0001
[kernel] : [    0.660231] usb usb1: New USB device found  idVendor=1d6b  idProduct=0001
[kernel] : [    0.660235] usb usb1: New USB device strings: Mfr=3  Product=2  SerialNumber=1
[kernel] : [    0.660235] usb usb1: New USB device strings: Mfr=3  Product=2  SerialNumber=1
[kernel] : [    0.660238] usb usb1: Product: OHCI PCI host controller
[kernel] : [    0.660238] usb usb1: Product: OHCI PCI host controller
[kernel] : [    0.660240] usb usb1: Manufacturer: Linux 4.4.0-24-generic ohci_hcd
[kernel] : [    0.660240] usb usb1: Manufacturer: Linux 4.4.0-24-generic ohci_hcd
[kernel] : [    0.660241] usb usb1: SerialNumber: 0000:00:06.0
[kernel] : [    0.660241] usb usb1: SerialNumber: 0000:00:06.0
[kernel] : [    0.660398] hub 1-0:1.0: USB hub found
[kernel] : [    0.660398] hub 1-0:1.0: USB hub found
[kernel] : [    0.660418] hub 1-0:1.0: 12 ports detected
[kernel] : [    0.660418] hub 1-0:1.0: 12 ports detected
[kernel] : [    0.660930] ohci-platform: OHCI generic platform driver
[kernel] : [    0.660930] ohci-platform: OHCI generic platform driver
[kernel] : [    0.660952] uhci_hcd: USB Universal Host Controller Interface driver
[kernel] : [    0.660952] uhci_hcd: USB Universal Host Controller Interface driver
[kernel] : [    0.661040] i8042: PNP: PS/2 Controller [PNP0303:PS2K PNP0f03:PS2M] at 0x60 0x64 irq 1 12
[kernel] : [    0.661040] i8042: PNP: PS/2 Controller [PNP0303:PS2K PNP0f03:PS2M] at 0x60 0x64 irq 1 12
[kernel] : [    0.661720] serio: i8042 KBD port at 0x60 0x64 irq 1
[kernel] : [    0.661720] serio: i8042 KBD port at 0x60 0x64 irq 1
[kernel] : [    0.661728] serio: i8042 AUX port at 0x60 0x64 irq 12
[kernel] : [    0.661728] serio: i8042 AUX port at 0x60 0x64 irq 12
[kernel] : [    0.661892] mousedev: PS/2 mouse device common for all mice
[kernel] : [    0.661892] mousedev: PS/2 mouse device common for all mice
[kernel] : [    0.662316] input: AT Translated Set 2 keyboard as /devices/platform/i8042/serio0/input/input2
[kernel] : [    0.662316] input: AT Translated Set 2 keyboard as /devices/platform/i8042/serio0/input/input2
[kernel] : [    0.662865] rtc_cmos rtc_cmos: rtc core: registered rtc_cmos as rtc0
[kernel] : [    0.662865] rtc_cmos rtc_cmos: rtc core: registered rtc_cmos as rtc0
[kernel] : [    0.662961] rtc_cmos rtc_cmos: alarms up to one day  114 bytes nvram
[kernel] : [    0.662961] rtc_cmos rtc_cmos: alarms up to one day  114 bytes nvram
[kernel] : [    0.662972] i2c /dev entries driver
[kernel] : [    0.662972] i2c /dev entries driver
[kernel] : [    0.663047] device-mapper: uevent: version 1.0.3
[kernel] : [    0.663047] device-mapper: uevent: version 1.0.3
[kernel] : [    0.663128] device-mapper: ioctl: 4.34.0-ioctl (2015-10-28) initialised: dm-devel@redhat.com
[kernel] : [    0.663128] device-mapper: ioctl: 4.34.0-ioctl (2015-10-28) initialised: dm-devel@redhat.com
[kernel] : [    0.663154] ledtrig-cpu: registered to indicate activity on CPUs
[kernel] : [    0.663154] ledtrig-cpu: registered to indicate activity on CPUs
[kernel] : [    0.663613] NET: Registered protocol family 10
[kernel] : [    0.663613] NET: Registered protocol family 10
[kernel] : [    0.663848] NET: Registered protocol family 17
[kernel] : [    0.663848] NET: Registered protocol family 17
[kernel] : [    0.663870] Key type dns_resolver registered
[kernel] : [    0.663870] Key type dns_resolver registered
[kernel] : [    0.664043] microcode: CPU0 sig=0x506e3  pf=0x40  revision=0x0
[kernel] : [    0.664043] microcode: CPU0 sig=0x506e3  pf=0x40  revision=0x0
[kernel] : [    0.664080] microcode: Microcode Update Driver: v2.01 <tigran@aivazian.fsnet.co.uk>  Peter Oruba
[kernel] : [    0.664080] microcode: Microcode Update Driver: v2.01 <tigran@aivazian.fsnet.co.uk>  Peter Oruba
[kernel] : [    0.664269] registered taskstats version 1
[kernel] : [    0.664269] registered taskstats version 1
[kernel] : [    0.664303] Loading compiled-in X.509 certificates
[kernel] : [    0.664303] Loading compiled-in X.509 certificates
[kernel] : [    0.665464] Loaded X.509 cert 'Build time autogenerated kernel key: 73e2b8be326740e2e7feadd5601517c5df343108'
[kernel] : [    0.665464] Loaded X.509 cert 'Build time autogenerated kernel key: 73e2b8be326740e2e7feadd5601517c5df343108'
[kernel] : [    0.665488] zswap: loaded using pool lzo/zbud
[kernel] : [    0.665488] zswap: loaded using pool lzo/zbud
[kernel] : [    0.667729] Key type trusted registered
[kernel] : [    0.667729] Key type trusted registered
[kernel] : [    0.671855] Key type encrypted registered
[kernel] : [    0.671855] Key type encrypted registered
[kernel] : [    0.671867] AppArmor: AppArmor sha1 policy hashing enabled
[kernel] : [    0.671867] AppArmor: AppArmor sha1 policy hashing enabled
[kernel] : [    0.671873] ima: No TPM chip found  activating TPM-bypass!
[kernel] : [    0.671873] ima: No TPM chip found  activating TPM-bypass!
[kernel] : [    0.671898] evm: HMAC attrs: 0x1
[kernel] : [    0.671898] evm: HMAC attrs: 0x1
[kernel] : [    0.672329]   Magic number: 4:781:283
[kernel] : [    0.672329]   Magic number: 4:781:283
[kernel] : [    0.672432] rtc_cmos rtc_cmos: setting system clock to 2016-06-21 14:15:40 UTC (1466518540)
[kernel] : [    0.672432] rtc_cmos rtc_cmos: setting system clock to 2016-06-21 14:15:40 UTC (1466518540)
[kernel] : [    0.672515] BIOS EDD facility v0.16 2004-Jun-25  0 devices found
[kernel] : [    0.672515] BIOS EDD facility v0.16 2004-Jun-25  0 devices found
[kernel] : [    0.672516] EDD information not available.
[kernel] : [    0.672516] EDD information not available.
[kernel] : [    0.672574] PM: Hibernation image not present or could not be loaded.
[kernel] : [    0.672574] PM: Hibernation image not present or could not be loaded.
[kernel] : [    0.763448] ata2.00: ATAPI: VBOX CD-ROM  1.0  max UDMA/133
[kernel] : [    0.763448] ata2.00: ATAPI: VBOX CD-ROM  1.0  max UDMA/133
[kernel] : [    0.764116] ata2.00: configured for UDMA/33
[kernel] : [    0.764116] ata2.00: configured for UDMA/33
[kernel] : [    0.764981] scsi 1:0:0:0: CD-ROM            VBOX     CD-ROM           1.0  PQ: 0 ANSI: 5
[kernel] : [    0.764981] scsi 1:0:0:0: CD-ROM            VBOX     CD-ROM           1.0  PQ: 0 ANSI: 5
[kernel] : [    0.771815] sr 1:0:0:0: [sr0] scsi3-mmc drive: 32x/32x xa/form2 tray
[kernel] : [    0.771815] sr 1:0:0:0: [sr0] scsi3-mmc drive: 32x/32x xa/form2 tray
[kernel] : [    0.771824] cdrom: Uniform CD-ROM driver Revision: 3.20
[kernel] : [    0.771824] cdrom: Uniform CD-ROM driver Revision: 3.20
[kernel] : [    0.772347] sr 1:0:0:0: Attached scsi CD-ROM sr0
[kernel] : [    0.772347] sr 1:0:0:0: Attached scsi CD-ROM sr0
[kernel] : [    0.772640] sr 1:0:0:0: Attached scsi generic sg0 type 5
[kernel] : [    0.772640] sr 1:0:0:0: Attached scsi generic sg0 type 5
[kernel] : [    0.775667] Freeing unused kernel memory: 1480K (ffffffff81f41000 - ffffffff820b3000)
[kernel] : [    0.775667] Freeing unused kernel memory: 1480K (ffffffff81f41000 - ffffffff820b3000)
[kernel] : [    0.775673] Write protecting the kernel read-only data: 14336k
[kernel] : [    0.775673] Write protecting the kernel read-only data: 14336k
[kernel] : [    0.776925] Freeing unused kernel memory: 1868K (ffff88000182d000 - ffff880001a00000)
[kernel] : [    0.776925] Freeing unused kernel memory: 1868K (ffff88000182d000 - ffff880001a00000)
[kernel] : [    0.777925] Freeing unused kernel memory: 176K (ffff880001dd4000 - ffff880001e00000)
[kernel] : [    0.777925] Freeing unused kernel memory: 176K (ffff880001dd4000 - ffff880001e00000)
[kernel] : [    0.803212] random: udevadm urandom read with 2 bits of entropy available
[kernel] : [    0.803212] random: udevadm urandom read with 2 bits of entropy available
[kernel] : [    0.840083] FUJITSU Extended Socket Network Device Driver - version 1.0 - Copyright (c) 2015 FUJITSU LIMITED
[kernel] : [    0.840083] FUJITSU Extended Socket Network Device Driver - version 1.0 - Copyright (c) 2015 FUJITSU LIMITED
[kernel] : [    0.841813] ACPI: Video Device [GFX0] (multi-head: yes  rom: no  post: no)
[kernel] : [    0.841813] ACPI: Video Device [GFX0] (multi-head: yes  rom: no  post: no)
[kernel] : [    0.841861] input: Video Bus as /devices/LNXSYSTM:00/LNXSYBUS:00/PNP0A03:00/LNXVIDEO:00/input/input4
[kernel] : [    0.841861] input: Video Bus as /devices/LNXSYSTM:00/LNXSYBUS:00/PNP0A03:00/LNXVIDEO:00/input/input4
[kernel] : [    0.848792] e1000: Intel(R) PRO/1000 Network Driver - version 7.3.21-k8-NAPI
[kernel] : [    0.848792] e1000: Intel(R) PRO/1000 Network Driver - version 7.3.21-k8-NAPI
[kernel] : [    0.848794] e1000: Copyright (c) 1999-2006 Intel Corporation.
[kernel] : [    0.848794] e1000: Copyright (c) 1999-2006 Intel Corporation.
[kernel] : [    1.060054] input: ImExPS/2 Generic Explorer Mouse as /devices/platform/i8042/serio1/input/input5
[kernel] : [    1.060054] input: ImExPS/2 Generic Explorer Mouse as /devices/platform/i8042/serio1/input/input5
[kernel] : [    1.068740] usb 1-1: new full-speed USB device number 2 using ohci-pci
[kernel] : [    1.068740] usb 1-1: new full-speed USB device number 2 using ohci-pci
[kernel] : [    1.202241] e1000 0000:00:03.0 eth0: (PCI:33MHz:32-bit) 08:00:27:3d:5d:0e
[kernel] : [    1.202241] e1000 0000:00:03.0 eth0: (PCI:33MHz:32-bit) 08:00:27:3d:5d:0e
[kernel] : [    1.202247] e1000 0000:00:03.0 eth0: Intel(R) PRO/1000 Network Connection
[kernel] : [    1.202247] e1000 0000:00:03.0 eth0: Intel(R) PRO/1000 Network Connection
[kernel] : [    1.202268] ahci 0000:00:0d.0: version 3.0
[kernel] : [    1.202268] ahci 0000:00:0d.0: version 3.0
[kernel] : [    1.202717] ahci 0000:00:0d.0: SSS flag set  parallel bus scan disabled
[kernel] : [    1.202717] ahci 0000:00:0d.0: SSS flag set  parallel bus scan disabled
[kernel] : [    1.202823] ahci 0000:00:0d.0: AHCI 0001.0100 32 slots 1 ports 3 Gbps 0x1 impl SATA mode
[kernel] : [    1.202823] ahci 0000:00:0d.0: AHCI 0001.0100 32 slots 1 ports 3 Gbps 0x1 impl SATA mode
[kernel] : [    1.202825] ahci 0000:00:0d.0: flags: 64bit ncq stag only ccc
[kernel] : [    1.202825] ahci 0000:00:0d.0: flags: 64bit ncq stag only ccc
[kernel] : [    1.203739] e1000 0000:00:03.0 enp0s3: renamed from eth0
[kernel] : [    1.203739] e1000 0000:00:03.0 enp0s3: renamed from eth0
[kernel] : [    1.204471] scsi host2: ahci
[kernel] : [    1.204471] scsi host2: ahci
[kernel] : [    1.204525] ata3: SATA max UDMA/133 abar m8192@0xf0806000 port 0xf0806100 irq 21
[kernel] : [    1.204525] ata3: SATA max UDMA/133 abar m8192@0xf0806000 port 0xf0806100 irq 21
[kernel] : [    1.333043] usb 1-1: New USB device found  idVendor=80ee  idProduct=0021
[kernel] : [    1.333043] usb 1-1: New USB device found  idVendor=80ee  idProduct=0021
[kernel] : [    1.333052] usb 1-1: New USB device strings: Mfr=1  Product=3  SerialNumber=0
[kernel] : [    1.333052] usb 1-1: New USB device strings: Mfr=1  Product=3  SerialNumber=0
[kernel] : [    1.333058] usb 1-1: Product: USB Tablet
[kernel] : [    1.333058] usb 1-1: Product: USB Tablet
[kernel] : [    1.333062] usb 1-1: Manufacturer: VirtualBox
[kernel] : [    1.333062] usb 1-1: Manufacturer: VirtualBox
[kernel] : [    1.347343] hidraw: raw HID events driver (C) Jiri Kosina
[kernel] : [    1.347343] hidraw: raw HID events driver (C) Jiri Kosina
[kernel] : [    1.362321] usbcore: registered new interface driver usbhid
[kernel] : [    1.362321] usbcore: registered new interface driver usbhid
[kernel] : [    1.362327] usbhid: USB HID core driver
[kernel] : [    1.362327] usbhid: USB HID core driver
[kernel] : [    1.369724] input: VirtualBox USB Tablet as /devices/pci0000:00/0000:00:06.0/usb1/1-1/1-1:1.0/0003:80EE:0021.0001/input/input6
[kernel] : [    1.369724] input: VirtualBox USB Tablet as /devices/pci0000:00/0000:00:06.0/usb1/1-1/1-1:1.0/0003:80EE:0021.0001/input/input6
[kernel] : [    1.370898] hid-generic 0003:80EE:0021.0001: input hidraw0: USB HID v1.10 Mouse [VirtualBox USB Tablet] on usb-0000:00:06.0-1/input0
[kernel] : [    1.370898] hid-generic 0003:80EE:0021.0001: input hidraw0: USB HID v1.10 Mouse [VirtualBox USB Tablet] on usb-0000:00:06.0-1/input0
[kernel] : [    1.523208] ata3: SATA link up 3.0 Gbps (SStatus 123 SControl 300)
[kernel] : [    1.523208] ata3: SATA link up 3.0 Gbps (SStatus 123 SControl 300)
[kernel] : [    1.523476] ata3.00: ATA-6: VBOX HARDDISK  1.0  max UDMA/133
[kernel] : [    1.523476] ata3.00: ATA-6: VBOX HARDDISK  1.0  max UDMA/133
[kernel] : [    1.523483] ata3.00: 12582912 sectors  multi 128: LBA48 NCQ (depth 31/32)
[kernel] : [    1.523483] ata3.00: 12582912 sectors  multi 128: LBA48 NCQ (depth 31/32)
[kernel] : [    1.523944] ata3.00: configured for UDMA/133
[kernel] : [    1.523944] ata3.00: configured for UDMA/133
[kernel] : [    1.524151] scsi 2:0:0:0: Direct-Access     ATA      VBOX HARDDISK    1.0  PQ: 0 ANSI: 5
[kernel] : [    1.524151] scsi 2:0:0:0: Direct-Access     ATA      VBOX HARDDISK    1.0  PQ: 0 ANSI: 5
[kernel] : [    1.525068] sd 2:0:0:0: [sda] 12582912 512-byte logical blocks: (6.44 GB/6.00 GiB)
[kernel] : [    1.525068] sd 2:0:0:0: [sda] 12582912 512-byte logical blocks: (6.44 GB/6.00 GiB)
[kernel] : [    1.525125] sd 2:0:0:0: [sda] Write Protect is off
[kernel] : [    1.525125] sd 2:0:0:0: [sda] Write Protect is off
[kernel] : [    1.525132] sd 2:0:0:0: [sda] Mode Sense: 00 3a 00 00
[kernel] : [    1.525132] sd 2:0:0:0: [sda] Mode Sense: 00 3a 00 00
[kernel] : [    1.525158] sd 2:0:0:0: [sda] Write cache: enabled  read cache: enabled  doesn't support DPO or FUA
[kernel] : [    1.525158] sd 2:0:0:0: [sda] Write cache: enabled  read cache: enabled  doesn't support DPO or FUA
[kernel] : [    1.525521] sd 2:0:0:0: Attached scsi generic sg1 type 0
[kernel] : [    1.525521] sd 2:0:0:0: Attached scsi generic sg1 type 0
[kernel] : [    1.527459]  sda: sda1 sda2 < sda5 >
[kernel] : [    1.527459]  sda: sda1 sda2 < sda5 >
[kernel] : [    1.528014] sd 2:0:0:0: [sda] Attached SCSI disk
[kernel] : [    1.528014] sd 2:0:0:0: [sda] Attached SCSI disk
[kernel] : [    1.598882] tsc: Refined TSC clocksource calibration: 2579.402 MHz
[kernel] : [    1.598882] tsc: Refined TSC clocksource calibration: 2579.402 MHz
[kernel] : [    1.598888] clocksource: tsc: mask: 0xffffffffffffffff max_cycles: 0x252e3a1ff20  max_idle_ns: 440795262494 ns
[kernel] : [    1.598888] clocksource: tsc: mask: 0xffffffffffffffff max_cycles: 0x252e3a1ff20  max_idle_ns: 440795262494 ns
[kernel] : [    3.896119] floppy0: no floppy controllers found
[kernel] : [    3.896119] floppy0: no floppy controllers found
[kernel] : [    3.896227] work still pending
[kernel] : [    3.896227] work still pending
[kernel] : [    3.946398] EXT4-fs (sda1): mounted filesystem with ordered data mode. Opts: (null)
[kernel] : [    3.946398] EXT4-fs (sda1): mounted filesystem with ordered data mode. Opts: (null)
[kernel] : [    4.188963] lp: driver loaded but no devices found
[kernel] : [    4.188963] lp: driver loaded but no devices found
[kernel] : [    4.193717] ppdev: user-space parallel port driver
[kernel] : [    4.193717] ppdev: user-space parallel port driver
[kernel] : [    4.317468] EXT4-fs (sda1): re-mounted. Opts: errors=remount-ro
[kernel] : [    4.317468] EXT4-fs (sda1): re-mounted. Opts: errors=remount-ro
[kernel] : [    4.654671] piix4_smbus 0000:00:07.0: SMBus base address uninitialized - upgrade BIOS or use force_addr=0xaddr
[kernel] : [    4.654671] piix4_smbus 0000:00:07.0: SMBus base address uninitialized - upgrade BIOS or use force_addr=0xaddr
[kernel] : [    4.667110] random: nonblocking pool is initialized
[kernel] : [    4.667110] random: nonblocking pool is initialized
[kernel] : [    4.680272] vgdrvHeartbeatInit: Setting up heartbeat to trigger every 2000 milliseconds
[kernel] : [    4.680272] vgdrvHeartbeatInit: Setting up heartbeat to trigger every 2000 milliseconds
[kernel] : [    4.680489] input: Unspecified device as /devices/pci0000:00/0000:00:04.0/input/input7
[kernel] : [    4.680489] input: Unspecified device as /devices/pci0000:00/0000:00:04.0/input/input7
[kernel] : [    4.695454] vboxguest: misc device minor 55  IRQ 20  I/O port d020  MMIO at 00000000f0400000 (size 0x400000)
[kernel] : [    4.695454] vboxguest: misc device minor 55  IRQ 20  I/O port d020  MMIO at 00000000f0400000 (size 0x400000)
[kernel] : [    4.695457] vboxguest: Successfully loaded version 5.0.18_Ubuntu (interface 0x00010004)
[kernel] : [    4.695457] vboxguest: Successfully loaded version 5.0.18_Ubuntu (interface 0x00010004)
[kernel] : [    4.754765] [drm] Initialized drm 1.1.0 20060810
[kernel] : [    4.754765] [drm] Initialized drm 1.1.0 20060810
[kernel] : [    4.795492] audit: type=1400 audit(1466518544.616:2): apparmor="STATUS" operation="profile_load" profile="unconfined" name="/usr/lib/lightdm/lightdm-guest-session" pid=333 comm="apparmor_parser"
[kernel] : [    4.795492] audit: type=1400 audit(1466518544.616:2): apparmor="STATUS" operation="profile_load" profile="unconfined" name="/usr/lib/lightdm/lightdm-guest-session" pid=333 comm="apparmor_parser"
[kernel] : [    4.796256] [drm] VRAM 00c00000
[kernel] : [    4.796256] [drm] VRAM 00c00000
[kernel] : [    4.798911] [TTM] Zone  kernel: Available graphics memory: 379140 kiB
[kernel] : [    4.798911] [TTM] Zone  kernel: Available graphics memory: 379140 kiB
[kernel] : [    4.798912] [TTM] Initializing pool allocator
[kernel] : [    4.798912] [TTM] Initializing pool allocator
[kernel] : [    4.798916] [TTM] Initializing DMA pool allocator
[kernel] : [    4.798916] [TTM] Initializing DMA pool allocator
[kernel] : [    4.799501] fbcon: vboxdrmfb (fb0) is primary device
[kernel] : [    4.799501] fbcon: vboxdrmfb (fb0) is primary device
[kernel] : [    4.804049] audit: type=1400 audit(1466518544.628:3): apparmor="STATUS" operation="profile_load" profile="unconfined" name="/usr/lib/lightdm/lightdm-guest-session//chromium" pid=333 comm="apparmor_parser"
[kernel] : [    4.804049] audit: type=1400 audit(1466518544.628:3): apparmor="STATUS" operation="profile_load" profile="unconfined" name="/usr/lib/lightdm/lightdm-guest-session//chromium" pid=333 comm="apparmor_parser"
[kernel] : [    4.886773] Console: switching to colour frame buffer device 100x37
[kernel] : [    4.886773] Console: switching to colour frame buffer device 100x37
[kernel] : [    4.912829] vboxvideo 0000:00:02.0: fb0: vboxdrmfb frame buffer device
[kernel] : [    4.912829] vboxvideo 0000:00:02.0: fb0: vboxdrmfb frame buffer device
[kernel] : [    4.921385] Adding 783356k swap on /dev/sda5.  Priority:-1 extents:1 across:783356k FS
[kernel] : [    4.921385] Adding 783356k swap on /dev/sda5.  Priority:-1 extents:1 across:783356k FS
[kernel] : [    4.931877] AVX version of gcm_enc/dec engaged.
[kernel] : [    4.931877] AVX version of gcm_enc/dec engaged.
[kernel] : [    4.931879] AES CTR mode by8 optimization enabled
[kernel] : [    4.931879] AES CTR mode by8 optimization enabled
[kernel] : [    4.938418] [drm] Initialized vboxvideo 1.0.0 20130823 for 0000:00:02.0 on minor 0
[kernel] : [    4.938418] [drm] Initialized vboxvideo 1.0.0 20130823 for 0000:00:02.0 on minor 0
[kernel] : [    4.950046] snd_intel8x0 0000:00:05.0: disable (unknown or VT-d) VM optimization
[kernel] : [    4.950046] snd_intel8x0 0000:00:05.0: disable (unknown or VT-d) VM optimization
[kernel] : [    5.049826] audit: type=1400 audit(1466518544.872:4): apparmor="STATUS" operation="profile_load" profile="unconfined" name="/sbin/dhclient" pid=383 comm="apparmor_parser"
[kernel] : [    5.049826] audit: type=1400 audit(1466518544.872:4): apparmor="STATUS" operation="profile_load" profile="unconfined" name="/sbin/dhclient" pid=383 comm="apparmor_parser"
[kernel] : [    5.052758] audit: type=1400 audit(1466518544.872:5): apparmor="STATUS" operation="profile_load" profile="unconfined" name="/usr/lib/NetworkManager/nm-dhcp-client.action" pid=383 comm="apparmor_parser"
[kernel] : [    5.052758] audit: type=1400 audit(1466518544.872:5): apparmor="STATUS" operation="profile_load" profile="unconfined" name="/usr/lib/NetworkManager/nm-dhcp-client.action" pid=383 comm="apparmor_parser"
[kernel] : [    5.052936] audit: type=1400 audit(1466518544.872:6): apparmor="STATUS" operation="profile_load" profile="unconfined" name="/usr/lib/NetworkManager/nm-dhcp-helper" pid=383 comm="apparmor_parser"
[kernel] : [    5.052936] audit: type=1400 audit(1466518544.872:6): apparmor="STATUS" operation="profile_load" profile="unconfined" name="/usr/lib/NetworkManager/nm-dhcp-helper" pid=383 comm="apparmor_parser"
[kernel] : [    5.053090] audit: type=1400 audit(1466518544.872:7): apparmor="STATUS" operation="profile_load" profile="unconfined" name="/usr/lib/connman/scripts/dhclient-script" pid=383 comm="apparmor_parser"
[kernel] : [    5.053090] audit: type=1400 audit(1466518544.872:7): apparmor="STATUS" operation="profile_load" profile="unconfined" name="/usr/lib/connman/scripts/dhclient-script" pid=383 comm="apparmor_parser"
[kernel] : [    5.070130] intel_rapl: no valid rapl domains found in package 0
[kernel] : [    5.070130] intel_rapl: no valid rapl domains found in package 0
[kernel] : [    5.080504] audit: type=1400 audit(1466518544.900:8): apparmor="STATUS" operation="profile_load" profile="unconfined" name="/usr/bin/ubuntu-core-launcher" pid=450 comm="apparmor_parser"
[kernel] : [    5.080504] audit: type=1400 audit(1466518544.900:8): apparmor="STATUS" operation="profile_load" profile="unconfined" name="/usr/bin/ubuntu-core-launcher" pid=450 comm="apparmor_parser"
[kernel] : [    5.148942] audit: type=1400 audit(1466518544.972:9): apparmor="STATUS" operation="profile_load" profile="unconfined" name="/usr/sbin/cups-browsed" pid=459 comm="apparmor_parser"
[kernel] : [    5.148942] audit: type=1400 audit(1466518544.972:9): apparmor="STATUS" operation="profile_load" profile="unconfined" name="/usr/sbin/cups-browsed" pid=459 comm="apparmor_parser"
[kernel] : [    5.228917] snd_intel8x0 0000:00:05.0: white list rate for 1028:0177 is 48000
[kernel] : [    5.228917] snd_intel8x0 0000:00:05.0: white list rate for 1028:0177 is 48000
[kernel] : [    5.327458] audit: type=1400 audit(1466518545.152:10): apparmor="STATUS" operation="profile_load" profile="unconfined" name="/usr/lib/cups/backend/cups-pdf" pid=471 comm="apparmor_parser"
[kernel] : [    5.327458] audit: type=1400 audit(1466518545.152:10): apparmor="STATUS" operation="profile_load" profile="unconfined" name="/usr/lib/cups/backend/cups-pdf" pid=471 comm="apparmor_parser"
[kernel] : [    5.906244] IPv6: ADDRCONF(NETDEV_UP): enp0s3: link is not ready
[kernel] : [    5.906244] IPv6: ADDRCONF(NETDEV_UP): enp0s3: link is not ready
[kernel] : [    5.912369] e1000: enp0s3 NIC Link is Up 1000 Mbps Full Duplex  Flow Control: RX
[kernel] : [    5.912369] e1000: enp0s3 NIC Link is Up 1000 Mbps Full Duplex  Flow Control: RX
[/usr/lib/snapd/snapd  pid: 552] : daemon.go:203: DEBUG: init done in 12.227472ms
[/usr/lib/snapd/snapd  pid: 552] : daemon.go:203: DEBUG: init done in 12.227472ms
[/usr/lib/snapd/snapd  pid: 552] : daemon.go:213: DEBUG: adding /
[/usr/lib/snapd/snapd  pid: 552] : daemon.go:213: DEBUG: adding /
[/usr/lib/snapd/snapd  pid: 552] : daemon.go:213: DEBUG: adding /v2/assertions
[/usr/lib/snapd/snapd  pid: 552] : daemon.go:213: DEBUG: adding /v2/assertions
[/usr/lib/snapd/snapd  pid: 552] : daemon.go:213: DEBUG: adding /v2/assertions/{assertType}
[/usr/lib/snapd/snapd  pid: 552] : daemon.go:213: DEBUG: adding /v2/assertions/{assertType}
[/usr/lib/snapd/snapd  pid: 552] : daemon.go:213: DEBUG: adding /v2/changes
[/usr/lib/snapd/snapd  pid: 552] : daemon.go:213: DEBUG: adding /v2/changes
[/usr/lib/snapd/snapd  pid: 552] : daemon.go:213: DEBUG: adding /v2/changes/{id}
[/usr/lib/snapd/snapd  pid: 552] : daemon.go:213: DEBUG: adding /v2/changes/{id}
[/usr/lib/snapd/snapd  pid: 552] : daemon.go:213: DEBUG: adding /v2/events
[/usr/lib/snapd/snapd  pid: 552] : daemon.go:213: DEBUG: adding /v2/events
[/usr/lib/snapd/snapd  pid: 552] : daemon.go:213: DEBUG: adding /v2/find
[/usr/lib/snapd/snapd  pid: 552] : daemon.go:213: DEBUG: adding /v2/find
[/usr/lib/snapd/snapd  pid: 552] : daemon.go:213: DEBUG: adding /v2/icons/{name}/icon
[/usr/lib/snapd/snapd  pid: 552] : daemon.go:213: DEBUG: adding /v2/icons/{name}/icon
[/usr/lib/snapd/snapd  pid: 552] : daemon.go:213: DEBUG: adding /v2/interfaces
[/usr/lib/snapd/snapd  pid: 552] : daemon.go:213: DEBUG: adding /v2/interfaces
[/usr/lib/snapd/snapd  pid: 552] : daemon.go:213: DEBUG: adding /v2/login
[/usr/lib/snapd/snapd  pid: 552] : daemon.go:213: DEBUG: adding /v2/login
[/usr/lib/snapd/snapd  pid: 552] : daemon.go:213: DEBUG: adding /v2/logout
[/usr/lib/snapd/snapd  pid: 552] : daemon.go:213: DEBUG: adding /v2/logout
[/usr/lib/snapd/snapd  pid: 552] : daemon.go:213: DEBUG: adding /v2/snaps
[/usr/lib/snapd/snapd  pid: 552] : daemon.go:213: DEBUG: adding /v2/snaps
[/usr/lib/snapd/snapd  pid: 552] : daemon.go:213: DEBUG: adding /v2/snaps/{name}
[/usr/lib/snapd/snapd  pid: 552] : daemon.go:213: DEBUG: adding /v2/snaps/{name}
[/usr/lib/snapd/snapd  pid: 552] : daemon.go:213: DEBUG: adding /v2/system-info
[/usr/lib/snapd/snapd  pid: 552] : daemon.go:213: DEBUG: adding /v2/system-info
